Release 14.7 - xst P.20131013 (nt64)
Copyright (c) 1995-2013 Xilinx, Inc.  All rights reserved.
--> Parameter TMPDIR set to xst/projnav.tmp


Total REAL time to Xst completion: 0.00 secs
Total CPU time to Xst completion: 0.11 secs
 
--> Parameter xsthdpdir set to xst


Total REAL time to Xst completion: 0.00 secs
Total CPU time to Xst completion: 0.11 secs
 
--> Reading design: uart.prj

TABLE OF CONTENTS
  1) Synthesis Options Summary
  2) HDL Compilation
  3) Design Hierarchy Analysis
  4) HDL Analysis
  5) HDL Synthesis
     5.1) HDL Synthesis Report
  6) Advanced HDL Synthesis
     6.1) Advanced HDL Synthesis Report
  7) Low Level Synthesis
  8) Partition Report
  9) Final Report
	9.1) Device utilization summary
	9.2) Partition Resource Summary
	9.3) TIMING REPORT


=========================================================================
*                      Synthesis Options Summary                        *
=========================================================================
---- Source Parameters
Input File Name                    : "uart.prj"
Input Format                       : mixed
Ignore Synthesis Constraint File   : NO

---- Target Parameters
Output File Name                   : "uart"
Output Format                      : NGC
Target Device                      : xc3s500e-4-fg320

---- Source Options
Top Module Name                    : uart
Automatic FSM Extraction           : YES
FSM Encoding Algorithm             : Auto
Safe Implementation                : No
FSM Style                          : LUT
RAM Extraction                     : Yes
RAM Style                          : Auto
ROM Extraction                     : Yes
Mux Style                          : Auto
Decoder Extraction                 : YES
Priority Encoder Extraction        : Yes
Shift Register Extraction          : YES
Logical Shifter Extraction         : YES
XOR Collapsing                     : YES
ROM Style                          : Auto
Mux Extraction                     : Yes
Resource Sharing                   : YES
Asynchronous To Synchronous        : NO
Multiplier Style                   : Auto
Automatic Register Balancing       : No

---- Target Options
Add IO Buffers                     : YES
Global Maximum Fanout              : 500
Add Generic Clock Buffer(BUFG)     : 24
Register Duplication               : YES
Slice Packing                      : YES
Optimize Instantiated Primitives   : NO
Use Clock Enable                   : Yes
Use Synchronous Set                : Yes
Use Synchronous Reset              : Yes
Pack IO Registers into IOBs        : Auto
Equivalent register Removal        : YES

---- General Options
Optimization Goal                  : Speed
Optimization Effort                : 1
Keep Hierarchy                     : No
Netlist Hierarchy                  : As_Optimized
RTL Output                         : Yes
Global Optimization                : AllClockNets
Read Cores                         : YES
Write Timing Constraints           : NO
Cross Clock Analysis               : NO
Hierarchy Separator                : /
Bus Delimiter                      : <>
Case Specifier                     : Maintain
Slice Utilization Ratio            : 100
BRAM Utilization Ratio             : 100
Verilog 2001                       : YES
Auto BRAM Packing                  : NO
Slice Utilization Ratio Delta      : 5

=========================================================================


=========================================================================
*                          HDL Compilation                              *
=========================================================================
Compiling vhdl file "C:/Users/aula2.ELE/Desktop/Lab6_Vivi_Vini/Lab6_Vivi_Vini/uart.vhd" in Library work.
Architecture behavioral of Entity uart is up to date.

=========================================================================
*                     Design Hierarchy Analysis                         *
=========================================================================
Analyzing hierarchy for entity <uart> in library <work> (architecture <behavioral>).


=========================================================================
*                            HDL Analysis                               *
=========================================================================
Analyzing Entity <uart> in library <work> (Architecture <behavioral>).
Entity <uart> analyzed. Unit <uart> generated.


=========================================================================
*                           HDL Synthesis                               *
=========================================================================

Performing bidirectional port resolution...

Synthesizing Unit <uart>.
    Related source file is "C:/Users/aula2.ELE/Desktop/Lab6_Vivi_Vini/Lab6_Vivi_Vini/uart.vhd".
    Found finite state machine <FSM_0> for signal <STATE>.
    -----------------------------------------------------------------------
    | States             | 4                                              |
    | Transitions        | 11                                             |
    | Inputs             | 4                                              |
    | Outputs            | 5                                              |
    | Clock              | clk                       (rising_edge)        |
    | Power Up State     | idle                                           |
    | Encoding           | automatic                                      |
    | Implementation     | LUT                                            |
    -----------------------------------------------------------------------
    Found 4-bit register for signal <BIT_COUNTER>.
    Found 4-bit adder for signal <BIT_COUNTER$share0000> created at line 59.
    Found 9-bit up counter for signal <COUNTER>.
    Found 8-bit register for signal <MESSAGE>.
    Found 1-bit register for signal <RECEIVING>.
    Found 9-bit subtractor for signal <SHIFT_FLAG$addsub0000> created at line 47.
    Found 9-bit comparator equal for signal <SHIFT_FLAG$cmp_eq0000> created at line 47.
    Found 8-bit register for signal <WORD_OUT_REG>.
    Summary:
	inferred   1 Finite State Machine(s).
	inferred   1 Counter(s).
	inferred  21 D-type flip-flop(s).
	inferred   2 Adder/Subtractor(s).
	inferred   1 Comparator(s).
Unit <uart> synthesized.

INFO:Xst:1767 - HDL ADVISOR - Resource sharing has identified that some arithmetic operations in this design can share the same physical resources for reduced device utilization. For improved clock frequency you may try to disable resource sharing.

=========================================================================
HDL Synthesis Report

Macro Statistics
# Adders/Subtractors                                   : 2
 4-bit adder                                           : 1
 9-bit subtractor                                      : 1
# Counters                                             : 1
 9-bit up counter                                      : 1
# Registers                                            : 4
 1-bit register                                        : 1
 4-bit register                                        : 1
 8-bit register                                        : 2
# Comparators                                          : 1
 9-bit comparator equal                                : 1

=========================================================================

=========================================================================
*                       Advanced HDL Synthesis                          *
=========================================================================

Analyzing FSM <FSM_0> for best encoding.
Optimizing FSM <STATE/FSM> on signal <STATE[1:2]> with gray encoding.
----------------------
 State    | Encoding
----------------------
 idle     | 00
 startbit | 01
 rxing    | 11
 done     | 10
----------------------

=========================================================================
Advanced HDL Synthesis Report

Macro Statistics
# FSMs                                                 : 1
# Adders/Subtractors                                   : 2
 4-bit adder                                           : 1
 9-bit subtractor                                      : 1
# Counters                                             : 1
 9-bit up counter                                      : 1
# Registers                                            : 21
 Flip-Flops                                            : 21
# Comparators                                          : 1
 9-bit comparator equal                                : 1

=========================================================================

=========================================================================
*                         Low Level Synthesis                           *
=========================================================================

Optimizing unit <uart> ...

Mapping all equations...
Building and optimizing final netlist ...
Found area constraint ratio of 100 (+ 5) on block uart, actual ratio is 0.

Final Macro Processing ...

=========================================================================
Final Register Report

Macro Statistics
# Registers                                            : 32
 Flip-Flops                                            : 32

=========================================================================

=========================================================================
*                           Partition Report                            *
=========================================================================

Partition Implementation Status
-------------------------------

  No Partitions were found in this design.

-------------------------------

=========================================================================
*                            Final Report                               *
=========================================================================
Final Results
RTL Top Level Output File Name     : uart.ngr
Top Level Output File Name         : uart
Output Format                      : NGC
Optimization Goal                  : Speed
Keep Hierarchy                     : No

Design Statistics
# IOs                              : 11

Cell Usage :
# BELS                             : 69
#      GND                         : 1
#      INV                         : 1
#      LUT1                        : 9
#      LUT2                        : 5
#      LUT3                        : 5
#      LUT3_L                      : 1
#      LUT4                        : 20
#      LUT4_D                      : 3
#      MUXCY                       : 13
#      MUXF5                       : 1
#      VCC                         : 1
#      XORCY                       : 9
# FlipFlops/Latches                : 32
#      FD                          : 6
#      FDE                         : 16
#      FDR                         : 9
#      FDS                         : 1
# Clock Buffers                    : 1
#      BUFGP                       : 1
# IO Buffers                       : 10
#      IBUF                        : 2
#      OBUF                        : 8
=========================================================================

Device utilization summary:
---------------------------

Selected Device : 3s500efg320-4 

 Number of Slices:                       25  out of   4656     0%  
 Number of Slice Flip Flops:             32  out of   9312     0%  
 Number of 4 input LUTs:                 44  out of   9312     0%  
 Number of IOs:                          11
 Number of bonded IOBs:                  11  out of    232     4%  
 Number of GCLKs:                         1  out of     24     4%  

---------------------------
Partition Resource Summary:
---------------------------

  No Partitions were found in this design.

---------------------------


=========================================================================
TIMING REPORT

NOTE: THESE TIMING NUMBERS ARE ONLY A SYNTHESIS ESTIMATE.
      FOR ACCURATE TIMING INFORMATION PLEASE REFER TO THE TRACE REPORT
      GENERATED AFTER PLACE-and-ROUTE.

Clock Information:
------------------
-----------------------------------+------------------------+-------+
Clock Signal                       | Clock buffer(FF name)  | Load  |
-----------------------------------+------------------------+-------+
clk                                | BUFGP                  | 32    |
-----------------------------------+------------------------+-------+

Asynchronous Control Signals Information:
----------------------------------------
No asynchronous control signals found in this design

Timing Summary:
---------------
Speed Grade: -4

   Minimum period: 7.922ns (Maximum Frequency: 126.231MHz)
   Minimum input arrival time before clock: 4.524ns
   Maximum output required time after clock: 4.283ns
   Maximum combinational path delay: No path found

Timing Detail:
--------------
All values displayed in nanoseconds (ns)

=========================================================================
Timing constraint: Default period analysis for Clock 'clk'
  Clock period: 7.922ns (frequency: 126.231MHz)
  Total number of paths / destination ports: 1049 / 58
-------------------------------------------------------------------------
Delay:               7.922ns (Levels of Logic = 7)
  Source:            BIT_COUNTER_0 (FF)
  Destination:       COUNTER_0 (FF)
  Source Clock:      clk rising
  Destination Clock: clk rising

  Data Path: BIT_COUNTER_0 to COUNTER_0
                                Gate     Net
    Cell:in->out      fanout   Delay   Delay  Logical Name (Net Name)
    ----------------------------------------  ------------
     FD:C->Q               7   0.591   0.712  BIT_COUNTER_0 (BIT_COUNTER_0)
     LUT4:I3->O            4   0.704   0.622  K_R1_cmp_eq00001 (K_R1<0>)
     LUT3:I2->O            1   0.704   0.000  Mcompar_SHIFT_FLAG_cmp_eq0000_lut<1> (Mcompar_SHIFT_FLAG_cmp_eq0000_lut<1>)
     MUXCY:S->O            1   0.464   0.000  Mcompar_SHIFT_FLAG_cmp_eq0000_cy<1> (Mcompar_SHIFT_FLAG_cmp_eq0000_cy<1>)
     MUXCY:CI->O           1   0.059   0.000  Mcompar_SHIFT_FLAG_cmp_eq0000_cy<2> (Mcompar_SHIFT_FLAG_cmp_eq0000_cy<2>)
     MUXCY:CI->O           1   0.059   0.000  Mcompar_SHIFT_FLAG_cmp_eq0000_cy<3> (Mcompar_SHIFT_FLAG_cmp_eq0000_cy<3>)
     MUXCY:CI->O          16   0.459   1.113  Mcompar_SHIFT_FLAG_cmp_eq0000_cy<4> (Mcompar_SHIFT_FLAG_cmp_eq0000_cy<4>)
     LUT2:I1->O            9   0.704   0.820  COUNTER_or00001 (COUNTER_or0000)
     FDR:R                     0.911          COUNTER_0
    ----------------------------------------
    Total                      7.922ns (4.655ns logic, 3.267ns route)
                                       (58.8% logic, 41.2% route)

=========================================================================
Timing constraint: Default OFFSET IN BEFORE for Clock 'clk'
  Total number of paths / destination ports: 21 / 17
-------------------------------------------------------------------------
Offset:              4.524ns (Levels of Logic = 3)
  Source:            reset (PAD)
  Destination:       BIT_COUNTER_0 (FF)
  Destination Clock: clk rising

  Data Path: reset to BIT_COUNTER_0
                                Gate     Net
    Cell:in->out      fanout   Delay   Delay  Logical Name (Net Name)
    ----------------------------------------  ------------
     IBUF:I->O             9   1.218   0.995  reset_IBUF (reset_IBUF)
     LUT4:I0->O            1   0.704   0.595  BIT_COUNTER_mux0001<0>11_SW0 (N10)
     LUT3:I0->O            1   0.704   0.000  BIT_COUNTER_mux0001<3>1 (BIT_COUNTER_mux0001<3>)
     FD:D                      0.308          BIT_COUNTER_0
    ----------------------------------------
    Total                      4.524ns (2.934ns logic, 1.590ns route)
                                       (64.9% logic, 35.1% route)

=========================================================================
Timing constraint: Default OFFSET OUT AFTER for Clock 'clk'
  Total number of paths / destination ports: 8 / 8
-------------------------------------------------------------------------
Offset:              4.283ns (Levels of Logic = 1)
  Source:            WORD_OUT_REG_7 (FF)
  Destination:       rx_data<7> (PAD)
  Source Clock:      clk rising

  Data Path: WORD_OUT_REG_7 to rx_data<7>
                                Gate     Net
    Cell:in->out      fanout   Delay   Delay  Logical Name (Net Name)
    ----------------------------------------  ------------
     FDE:C->Q              1   0.591   0.420  WORD_OUT_REG_7 (WORD_OUT_REG_7)
     OBUF:I->O                 3.272          rx_data_7_OBUF (rx_data<7>)
    ----------------------------------------
    Total                      4.283ns (3.863ns logic, 0.420ns route)
                                       (90.2% logic, 9.8% route)

=========================================================================


Total REAL time to Xst completion: 4.00 secs
Total CPU time to Xst completion: 3.70 secs
 
--> 

Total memory usage is 4514620 kilobytes

Number of errors   :    0 (   0 filtered)
Number of warnings :    0 (   0 filtered)
Number of infos    :    1 (   0 filtered)

