Release 14.7 - xst P.20131013 (nt64)
Copyright (c) 1995-2013 Xilinx, Inc.  All rights reserved.
--> Parameter TMPDIR set to xst/projnav.tmp


Total REAL time to Xst completion: 0.00 secs
Total CPU time to Xst completion: 0.10 secs
 
--> Parameter xsthdpdir set to xst


Total REAL time to Xst completion: 0.00 secs
Total CPU time to Xst completion: 0.10 secs
 
--> Reading design: DataPath.prj

TABLE OF CONTENTS
  1) Synthesis Options Summary
  2) HDL Compilation
  3) Design Hierarchy Analysis
  4) HDL Analysis
  5) HDL Synthesis
     5.1) HDL Synthesis Report
  6) Advanced HDL Synthesis
     6.1) Advanced HDL Synthesis Report
  7) Low Level Synthesis
  8) Partition Report
  9) Final Report
	9.1) Device utilization summary
	9.2) Partition Resource Summary
	9.3) TIMING REPORT


=========================================================================
*                      Synthesis Options Summary                        *
=========================================================================
---- Source Parameters
Input File Name                    : "DataPath.prj"
Input Format                       : mixed
Ignore Synthesis Constraint File   : NO

---- Target Parameters
Output File Name                   : "DataPath"
Output Format                      : NGC
Target Device                      : xc3s500e-4-fg320

---- Source Options
Top Module Name                    : DataPath
Automatic FSM Extraction           : YES
FSM Encoding Algorithm             : Auto
Safe Implementation                : No
FSM Style                          : LUT
RAM Extraction                     : Yes
RAM Style                          : Auto
ROM Extraction                     : Yes
Mux Style                          : Auto
Decoder Extraction                 : YES
Priority Encoder Extraction        : Yes
Shift Register Extraction          : YES
Logical Shifter Extraction         : YES
XOR Collapsing                     : YES
ROM Style                          : Auto
Mux Extraction                     : Yes
Resource Sharing                   : YES
Asynchronous To Synchronous        : NO
Multiplier Style                   : Auto
Automatic Register Balancing       : No

---- Target Options
Add IO Buffers                     : YES
Global Maximum Fanout              : 500
Add Generic Clock Buffer(BUFG)     : 24
Register Duplication               : YES
Slice Packing                      : YES
Optimize Instantiated Primitives   : NO
Use Clock Enable                   : Yes
Use Synchronous Set                : Yes
Use Synchronous Reset              : Yes
Pack IO Registers into IOBs        : Auto
Equivalent register Removal        : YES

---- General Options
Optimization Goal                  : Speed
Optimization Effort                : 1
Keep Hierarchy                     : No
Netlist Hierarchy                  : As_Optimized
RTL Output                         : Yes
Global Optimization                : AllClockNets
Read Cores                         : YES
Write Timing Constraints           : NO
Cross Clock Analysis               : NO
Hierarchy Separator                : /
Bus Delimiter                      : <>
Case Specifier                     : Maintain
Slice Utilization Ratio            : 100
BRAM Utilization Ratio             : 100
Verilog 2001                       : YES
Auto BRAM Packing                  : NO
Slice Utilization Ratio Delta      : 5

=========================================================================


=========================================================================
*                          HDL Compilation                              *
=========================================================================
Compiling vhdl file "C:/TEMP/novo_teste/unittest.vhd" in Library work.
Compiling vhdl file "C:/TEMP/novo_teste/libcpu.vhd" in Library work.
Architecture libcpu of Entity libcpu is up to date.
Compiling vhdl file "C:/TEMP/novo_teste/ps2_ssd.vhd" in Library work.
Package <ps2_ssd> compiled.
Compiling vhdl file "C:/TEMP/novo_teste/ps2_reader.vhd" in Library work.
Architecture behavioral of Entity ps2_reader is up to date.
Compiling vhdl file "C:/TEMP/novo_teste/sdd_write.vhd" in Library work.
Architecture behavioral of Entity ssd_write is up to date.
Compiling vhdl file "C:/TEMP/novo_teste/CU.vhd" in Library work.
Architecture behavioral of Entity controlunit is up to date.
Compiling vhdl file "C:/TEMP/novo_teste/IMEM.vhd" in Library work.
Entity <imem> compiled.
Entity <imem> (Architecture <behavioral>) compiled.
Compiling vhdl file "C:/TEMP/novo_teste/RU.vhd" in Library work.
Architecture behavioral of Entity ru is up to date.
Compiling vhdl file "C:/TEMP/novo_teste/ACCUM.vhd" in Library work.
Architecture behavioral of Entity accum is up to date.
Compiling vhdl file "C:/TEMP/novo_teste/ALU.vhd" in Library work.
Architecture behavioral of Entity alu is up to date.
Compiling vhdl file "C:/TEMP/novo_teste/FLAGS.vhd" in Library work.
Architecture behavioral of Entity flags is up to date.
Compiling vhdl file "C:/TEMP/novo_teste/DMEM.vhd" in Library work.
Entity <dmem> compiled.
Entity <dmem> (Architecture <behavioral>) compiled.
Compiling vhdl file "C:/TEMP/novo_teste/DataPath.vhd" in Library work.
Architecture structural of Entity datapath is up to date.

=========================================================================
*                     Design Hierarchy Analysis                         *
=========================================================================
Analyzing hierarchy for entity <DataPath> in library <work> (architecture <structural>).

Analyzing hierarchy for entity <ControlUnit> in library <work> (architecture <behavioral>).

Analyzing hierarchy for entity <IMEM> in library <work> (architecture <behavioral>).

Analyzing hierarchy for entity <RU> in library <work> (architecture <behavioral>).

Analyzing hierarchy for entity <ACCUM> in library <work> (architecture <behavioral>).

Analyzing hierarchy for entity <ALU> in library <work> (architecture <behavioral>).

Analyzing hierarchy for entity <FLAGS> in library <work> (architecture <behavioral>).

Analyzing hierarchy for entity <DMEM> in library <work> (architecture <behavioral>).

Analyzing hierarchy for entity <ps2_reader> in library <work> (architecture <behavioral>).

Analyzing hierarchy for entity <ssd_write> in library <work> (architecture <behavioral>).


=========================================================================
*                            HDL Analysis                               *
=========================================================================
Analyzing Entity <DataPath> in library <work> (Architecture <structural>).
WARNING:Xst:753 - "C:/TEMP/novo_teste/DataPath.vhd" line 152: Unconnected output port 'b_out' of component 'RU'.
Entity <DataPath> analyzed. Unit <DataPath> generated.

Analyzing Entity <ControlUnit> in library <work> (Architecture <behavioral>).
Entity <ControlUnit> analyzed. Unit <ControlUnit> generated.

Analyzing Entity <IMEM> in library <work> (Architecture <behavioral>).
Entity <IMEM> analyzed. Unit <IMEM> generated.

Analyzing Entity <RU> in library <work> (Architecture <behavioral>).
Entity <RU> analyzed. Unit <RU> generated.

Analyzing Entity <ACCUM> in library <work> (Architecture <behavioral>).
Entity <ACCUM> analyzed. Unit <ACCUM> generated.

Analyzing Entity <ALU> in library <work> (Architecture <behavioral>).
Entity <ALU> analyzed. Unit <ALU> generated.

Analyzing Entity <FLAGS> in library <work> (Architecture <behavioral>).
Entity <FLAGS> analyzed. Unit <FLAGS> generated.

Analyzing Entity <DMEM> in library <work> (Architecture <behavioral>).
Entity <DMEM> analyzed. Unit <DMEM> generated.

Analyzing Entity <ps2_reader> in library <work> (Architecture <behavioral>).
Entity <ps2_reader> analyzed. Unit <ps2_reader> generated.

Analyzing Entity <ssd_write> in library <work> (Architecture <behavioral>).
INFO:Xst:1561 - "C:/TEMP/novo_teste/sdd_write.vhd" line 62: Mux is complete : default of case is discarded
Entity <ssd_write> analyzed. Unit <ssd_write> generated.


=========================================================================
*                           HDL Synthesis                               *
=========================================================================

Performing bidirectional port resolution...

Synthesizing Unit <ControlUnit>.
    Related source file is "C:/TEMP/novo_teste/CU.vhd".
    Found 1-bit xor2 for signal <branch_taken$xor0000> created at line 70.
    Found 8-bit register for signal <cir>.
    Found 1-bit register for signal <current_state<0>>.
    Summary:
	inferred   9 D-type flip-flop(s).
Unit <ControlUnit> synthesized.


Synthesizing Unit <IMEM>.
    Related source file is "C:/TEMP/novo_teste/IMEM.vhd".
WARNING:Xst:1780 - Signal <rom> is never used or assigned. This unconnected signal will be trimmed during the optimization process.
    Found 256x8-bit ROM for signal <DATA$rom0000> created at line 25.
    Summary:
	inferred   1 ROM(s).
Unit <IMEM> synthesized.


Synthesizing Unit <RU>.
    Related source file is "C:/TEMP/novo_teste/RU.vhd".
    Found 8-bit 16-to-1 multiplexer for signal <b_out>.
    Found 8-bit 16-to-1 multiplexer for signal <a_out>.
    Found 128-bit register for signal <regs>.
    Summary:
	inferred 128 D-type flip-flop(s).
	inferred  16 Multiplexer(s).
Unit <RU> synthesized.


Synthesizing Unit <ACCUM>.
    Related source file is "C:/TEMP/novo_teste/ACCUM.vhd".
    Found 8-bit register for signal <D_OUT>.
    Summary:
	inferred   8 D-type flip-flop(s).
Unit <ACCUM> synthesized.


Synthesizing Unit <ALU>.
    Related source file is "C:/TEMP/novo_teste/ALU.vhd".
    Found 1-bit xor2 for signal <flag_overflow$xor0000> created at line 46.
    Found 1-bit xor2 for signal <flag_overflow$xor0001> created at line 46.
    Found 1-bit xor2 for signal <flag_overflow$xor0002> created at line 55.
    Found 8-bit xor2 for signal <r$xor0000> created at line 84.
    Found 9-bit adder for signal <r9$add0000> created at line 42.
    Found 9-bit adder for signal <r9$add0001> created at line 60.
    Found 9-bit subtractor for signal <r9$sub0000> created at line 51.
    Found 9-bit subtractor for signal <r9$sub0001> created at line 69.
    Summary:
	inferred   4 Adder/Subtractor(s).
Unit <ALU> synthesized.


Synthesizing Unit <FLAGS>.
    Related source file is "C:/TEMP/novo_teste/FLAGS.vhd".
    Found 4-bit register for signal <reg_flags>.
    Summary:
	inferred   4 D-type flip-flop(s).
Unit <FLAGS> synthesized.


Synthesizing Unit <ps2_reader>.
    Related source file is "C:/TEMP/novo_teste/ps2_reader.vhd".
    Found finite state machine <FSM_0> for signal <state>.
    -----------------------------------------------------------------------
    | States             | 4                                              |
    | Transitions        | 6                                              |
    | Inputs             | 2                                              |
    | Outputs            | 5                                              |
    | Clock              | CLK                       (falling_edge)       |
    | Power Up State     | a                                              |
    | Encoding           | automatic                                      |
    | Implementation     | LUT                                            |
    -----------------------------------------------------------------------
    Found 1-bit register for signal <V0>.
    Found 8-bit register for signal <PALAVRA>.
    Found 4-bit register for signal <contador>.
    Found 4-bit adder for signal <contador$addsub0000> created at line 55.
    Found 1-bit register for signal <DONE>.
    Found 1-bit register for signal <M>.
    Found 8-bit register for signal <temporario>.
    Summary:
	inferred   1 Finite State Machine(s).
	inferred  23 D-type flip-flop(s).
	inferred   1 Adder/Subtractor(s).
Unit <ps2_reader> synthesized.


Synthesizing Unit <ssd_write>.
    Related source file is "C:/TEMP/novo_teste/sdd_write.vhd".
    Found 16x7-bit ROM for signal <segments>.
    Found 1-bit register for signal <digit_select>.
    Found 19-bit up counter for signal <refresh_counter>.
    Found 19-bit comparator greatequal for signal <refresh_counter$cmp_ge0000> created at line 27.
    Summary:
	inferred   1 ROM(s).
	inferred   1 Counter(s).
	inferred   1 D-type flip-flop(s).
	inferred   1 Comparator(s).
Unit <ssd_write> synthesized.


Synthesizing Unit <DMEM>.
    Related source file is "C:/TEMP/novo_teste/DMEM.vhd".
WARNING:Xst:647 - Input <IO_KDR<7:2>> is never used. This port will be preserved and left unconnected if it belongs to a top-level block or it belongs to a sub-block and the hierarchy of this sub-block is preserved.
    Found 256x8-bit single-port RAM <Mram_RAM> for signal <RAM>.
    Found 8-bit comparator greater for signal <$cmp_gt0000> created at line 116.
    Found 8-bit register for signal <reg_kdr>.
    Found 8-bit register for signal <reg_lcd_cmd>.
    Found 8-bit register for signal <reg_lcd_data>.
    Found 8-bit register for signal <reg_led>.
    Found 8-bit register for signal <reg_ssd>.
    Found 8-bit register for signal <reg_udr_tx>.
    Summary:
	inferred   1 RAM(s).
	inferred  48 D-type flip-flop(s).
	inferred   1 Comparator(s).
Unit <DMEM> synthesized.


Synthesizing Unit <DataPath>.
    Related source file is "C:/TEMP/novo_teste/DataPath.vhd".
WARNING:Xst:646 - Signal <w_udr_tx_byte<7:1>> is assigned but never used. This unconnected signal will be trimmed during the optimization process.
WARNING:Xst:646 - Signal <w_ssd_dummy> is assigned but never used. This unconnected signal will be trimmed during the optimization process.
WARNING:Xst:646 - Signal <w_lcd_data_byte<7:4>> is assigned but never used. This unconnected signal will be trimmed during the optimization process.
WARNING:Xst:646 - Signal <w_lcd_cmd_byte<7:3>> is assigned but never used. This unconnected signal will be trimmed during the optimization process.
Unit <DataPath> synthesized.


=========================================================================
HDL Synthesis Report

Macro Statistics
# RAMs                                                 : 1
 256x8-bit single-port RAM                             : 1
# ROMs                                                 : 2
 16x7-bit ROM                                          : 1
 256x8-bit ROM                                         : 1
# Adders/Subtractors                                   : 5
 4-bit adder                                           : 1
 9-bit adder                                           : 2
 9-bit subtractor                                      : 2
# Counters                                             : 1
 19-bit up counter                                     : 1
# Registers                                            : 36
 1-bit register                                        : 9
 4-bit register                                        : 1
 8-bit register                                        : 26
# Comparators                                          : 2
 19-bit comparator greatequal                          : 1
 8-bit comparator greater                              : 1
# Multiplexers                                         : 2
 8-bit 16-to-1 multiplexer                             : 2
# Xors                                                 : 5
 1-bit xor2                                            : 4
 8-bit xor2                                            : 1

=========================================================================

=========================================================================
*                       Advanced HDL Synthesis                          *
=========================================================================

Analyzing FSM <FSM_0> for best encoding.
Optimizing FSM <DMEM_inst/keyboard_driver/state/FSM> on signal <state[1:4]> with one-hot encoding.
-------------------
 State | Encoding
-------------------
 a     | 0001
 b     | 0010
 c     | 0100
 d     | 1000
-------------------
WARNING:Xst:2677 - Node <reg_udr_tx_1> of sequential type is unconnected in block <DMEM_inst>.
WARNING:Xst:2677 - Node <reg_udr_tx_2> of sequential type is unconnected in block <DMEM_inst>.
WARNING:Xst:2677 - Node <reg_udr_tx_3> of sequential type is unconnected in block <DMEM_inst>.
WARNING:Xst:2677 - Node <reg_udr_tx_4> of sequential type is unconnected in block <DMEM_inst>.
WARNING:Xst:2677 - Node <reg_udr_tx_5> of sequential type is unconnected in block <DMEM_inst>.
WARNING:Xst:2677 - Node <reg_udr_tx_6> of sequential type is unconnected in block <DMEM_inst>.
WARNING:Xst:2677 - Node <reg_udr_tx_7> of sequential type is unconnected in block <DMEM_inst>.

Synthesizing (advanced) Unit <DMEM>.
INFO:Xst:3218 - HDL ADVISOR - The RAM <Mram_RAM> will be implemented on LUTs either because you have described an asynchronous read or because of currently unsupported block RAM features. If you have described an asynchronous read, making it synchronous would allow you to take advantage of available block RAM resources, for optimized device usage and improved timings. Please refer to your documentation for coding guidelines.
    -----------------------------------------------------------------------
    | ram_type           | Distributed                         |          |
    -----------------------------------------------------------------------
    | Port A                                                              |
    |     aspect ratio   | 256-word x 8-bit                    |          |
    |     clkA           | connected to signal <CLK>           | rise     |
    |     weA            | connected to signal <_cmp_gt0000_0> | high     |
    |     addrA          | connected to signal <ADDR>          |          |
    |     diA            | connected to signal <D_IN>          |          |
    |     doA            | connected to internal node          |          |
    -----------------------------------------------------------------------
Unit <DMEM> synthesized (advanced).

=========================================================================
Advanced HDL Synthesis Report

Macro Statistics
# FSMs                                                 : 1
# RAMs                                                 : 1
 256x8-bit single-port distributed RAM                 : 1
# ROMs                                                 : 2
 16x7-bit ROM                                          : 1
 256x8-bit ROM                                         : 1
# Adders/Subtractors                                   : 5
 4-bit adder                                           : 1
 9-bit adder                                           : 2
 9-bit subtractor                                      : 2
# Counters                                             : 1
 19-bit up counter                                     : 1
# Registers                                            : 221
 Flip-Flops                                            : 221
# Comparators                                          : 2
 19-bit comparator greatequal                          : 1
 8-bit comparator greater                              : 1
# Multiplexers                                         : 16
 1-bit 16-to-1 multiplexer                             : 16
# Xors                                                 : 5
 1-bit xor2                                            : 4
 8-bit xor2                                            : 1

=========================================================================

=========================================================================
*                         Low Level Synthesis                           *
=========================================================================

Optimizing unit <DataPath> ...

Optimizing unit <ControlUnit> ...

Optimizing unit <RU> ...

Optimizing unit <ACCUM> ...

Optimizing unit <ALU> ...

Optimizing unit <ps2_reader> ...

Optimizing unit <ssd_write> ...

Optimizing unit <DMEM> ...
WARNING:Xst:1293 - FF/Latch <FLAGS_inst/reg_flags_3> has a constant value of 0 in block <DataPath>. This FF/Latch will be trimmed during the optimization process.
WARNING:Xst:1896 - Due to other FF/Latch trimming, FF/Latch <FLAGS_inst/reg_flags_2> has a constant value of 0 in block <DataPath>. This FF/Latch will be trimmed during the optimization process.
WARNING:Xst:1896 - Due to other FF/Latch trimming, FF/Latch <FLAGS_inst/reg_flags_1> has a constant value of 0 in block <DataPath>. This FF/Latch will be trimmed during the optimization process.
WARNING:Xst:1896 - Due to other FF/Latch trimming, FF/Latch <FLAGS_inst/reg_flags_0> has a constant value of 0 in block <DataPath>. This FF/Latch will be trimmed during the optimization process.
WARNING:Xst:1895 - Due to other FF/Latch trimming, FF/Latch <CU_inst/cir_7> (without init value) has a constant value of 0 in block <DataPath>. This FF/Latch will be trimmed during the optimization process.
WARNING:Xst:1895 - Due to other FF/Latch trimming, FF/Latch <CU_inst/cir_3> (without init value) has a constant value of 0 in block <DataPath>. This FF/Latch will be trimmed during the optimization process.
WARNING:Xst:1895 - Due to other FF/Latch trimming, FF/Latch <CU_inst/cir_0> (without init value) has a constant value of 0 in block <DataPath>. This FF/Latch will be trimmed during the optimization process.
WARNING:Xst:2677 - Node <DMEM_inst/reg_udr_tx_7> of sequential type is unconnected in block <DataPath>.
WARNING:Xst:2677 - Node <DMEM_inst/reg_udr_tx_6> of sequential type is unconnected in block <DataPath>.
WARNING:Xst:2677 - Node <DMEM_inst/reg_udr_tx_5> of sequential type is unconnected in block <DataPath>.
WARNING:Xst:2677 - Node <DMEM_inst/reg_udr_tx_4> of sequential type is unconnected in block <DataPath>.
WARNING:Xst:2677 - Node <DMEM_inst/reg_udr_tx_3> of sequential type is unconnected in block <DataPath>.
WARNING:Xst:2677 - Node <DMEM_inst/reg_udr_tx_2> of sequential type is unconnected in block <DataPath>.
WARNING:Xst:2677 - Node <DMEM_inst/reg_udr_tx_1> of sequential type is unconnected in block <DataPath>.

Mapping all equations...
Building and optimizing final netlist ...
Found area constraint ratio of 100 (+ 5) on block DataPath, actual ratio is 6.
FlipFlop CU_inst/cir_5 has been replicated 2 time(s)
FlipFlop CU_inst/cir_6 has been replicated 2 time(s)
FlipFlop CU_inst/current_state_0 has been replicated 2 time(s)

Final Macro Processing ...

=========================================================================
Final Register Report

Macro Statistics
# Registers                                            : 148
 Flip-Flops                                            : 148

=========================================================================

=========================================================================
*                           Partition Report                            *
=========================================================================

Partition Implementation Status
-------------------------------

  No Partitions were found in this design.

-------------------------------

=========================================================================
*                            Final Report                               *
=========================================================================
Final Results
RTL Top Level Output File Name     : DataPath.ngr
Top Level Output File Name         : DataPath
Output Format                      : NGC
Optimization Goal                  : Speed
Keep Hierarchy                     : No

Design Statistics
# IOs                              : 51

Cell Usage :
# BELS                             : 494
#      GND                         : 1
#      INV                         : 7
#      LUT1                        : 21
#      LUT2                        : 29
#      LUT2_D                      : 1
#      LUT3                        : 72
#      LUT3_D                      : 3
#      LUT3_L                      : 6
#      LUT4                        : 188
#      LUT4_D                      : 6
#      LUT4_L                      : 9
#      MUXCY                       : 40
#      MUXF5                       : 61
#      MUXF6                       : 17
#      MUXF7                       : 9
#      VCC                         : 1
#      XORCY                       : 23
# FlipFlops/Latches                : 148
#      FD                          : 1
#      FD_1                        : 16
#      FDC                         : 3
#      FDCE                        : 57
#      FDE                         : 42
#      FDE_1                       : 8
#      FDR                         : 20
#      FDS_1                       : 1
# RAMS                             : 64
#      RAM32X1S                    : 64
# Clock Buffers                    : 2
#      BUFGP                       : 2
# IO Buffers                       : 43
#      IBUF                        : 19
#      OBUF                        : 24
=========================================================================

Device utilization summary:
---------------------------

Selected Device : 3s500efg320-4 

 Number of Slices:                      249  out of   4656     5%  
 Number of Slice Flip Flops:            148  out of   9312     1%  
 Number of 4 input LUTs:                470  out of   9312     5%  
    Number used as logic:               342
    Number used as RAMs:                128
 Number of IOs:                          51
 Number of bonded IOBs:                  45  out of    232    19%  
 Number of GCLKs:                         2  out of     24     8%  

---------------------------
Partition Resource Summary:
---------------------------

  No Partitions were found in this design.

---------------------------


=========================================================================
TIMING REPORT

NOTE: THESE TIMING NUMBERS ARE ONLY A SYNTHESIS ESTIMATE.
      FOR ACCURATE TIMING INFORMATION PLEASE REFER TO THE TRACE REPORT
      GENERATED AFTER PLACE-and-ROUTE.

Clock Information:
------------------
-----------------------------------+------------------------+-------+
Clock Signal                       | Clock buffer(FF name)  | Load  |
-----------------------------------+------------------------+-------+
CLK                                | BUFGP                  | 187   |
IO_KDR<0>                          | BUFGP                  | 25    |
-----------------------------------+------------------------+-------+

Asynchronous Control Signals Information:
----------------------------------------
-----------------------------------+------------------------+-------+
Control Signal                     | Buffer(FF name)        | Load  |
-----------------------------------+------------------------+-------+
RST                                | IBUF                   | 60    |
-----------------------------------+------------------------+-------+

Timing Summary:
---------------
Speed Grade: -4

   Minimum period: 12.667ns (Maximum Frequency: 78.945MHz)
   Minimum input arrival time before clock: 7.015ns
   Maximum output required time after clock: 7.418ns
   Maximum combinational path delay: No path found

Timing Detail:
--------------
All values displayed in nanoseconds (ns)

=========================================================================
Timing constraint: Default period analysis for Clock 'CLK'
  Clock period: 12.667ns (frequency: 78.945MHz)
  Total number of paths / destination ports: 246708 / 680
-------------------------------------------------------------------------
Delay:               12.667ns (Levels of Logic = 10)
  Source:            CU_inst/cir_1 (FF)
  Destination:       ACCUM_inst/D_OUT_7 (FF)
  Source Clock:      CLK rising
  Destination Clock: CLK rising

  Data Path: CU_inst/cir_1 to ACCUM_inst/D_OUT_7
                                Gate     Net
    Cell:in->out      fanout   Delay   Delay  Logical Name (Net Name)
    ----------------------------------------  ------------
     FDCE:C->Q             2   0.591   0.622  CU_inst/cir_1 (CU_inst/cir_1)
     LUT4:I0->O           18   0.704   1.068  CU_inst/RU_SEL<1>1_1 (CU_inst/RU_SEL<1>1)
     MUXF5:S->O            1   0.739   0.000  RU_inst/mux7_6_f5 (RU_inst/mux7_6_f5)
     MUXF6:I0->O           1   0.521   0.000  RU_inst/mux7_4_f6 (RU_inst/mux7_4_f6)
     MUXF7:I0->O          23   0.521   1.377  RU_inst/mux7_2_f7 (s_rs_out<7>)
     LUT3:I0->O            1   0.704   0.455  DMEM_inst/D_OUT<0>1_SW0 (N50)
     LUT4:I2->O           18   0.704   1.072  DMEM_inst/D_OUT<0>1 (DMEM_inst/N01)
     LUT4:I3->O            1   0.704   0.000  DMEM_inst/D_OUT<7>0_F (N124)
     MUXF5:I0->O           1   0.321   0.424  DMEM_inst/D_OUT<7>0 (DMEM_inst/D_OUT<7>0)
     LUT4_D:I3->O          1   0.704   0.424  DMEM_inst/D_OUT<7>152 (s_dmem_data<7>)
     LUT4:I3->O            1   0.704   0.000  s_acc_in<7>1 (s_acc_in<7>)
     FDCE:D                    0.308          ACCUM_inst/D_OUT_7
    ----------------------------------------
    Total                     12.667ns (7.225ns logic, 5.442ns route)
                                       (57.0% logic, 43.0% route)

=========================================================================
Timing constraint: Default period analysis for Clock 'IO_KDR<0>'
  Clock period: 4.819ns (frequency: 207.512MHz)
  Total number of paths / destination ports: 118 / 34
-------------------------------------------------------------------------
Delay:               4.819ns (Levels of Logic = 3)
  Source:            DMEM_inst/keyboard_driver/state_FSM_FFd1 (FF)
  Destination:       DMEM_inst/keyboard_driver/DONE (FF)
  Source Clock:      IO_KDR<0> falling
  Destination Clock: IO_KDR<0> falling

  Data Path: DMEM_inst/keyboard_driver/state_FSM_FFd1 to DMEM_inst/keyboard_driver/DONE
                                Gate     Net
    Cell:in->out      fanout   Delay   Delay  Logical Name (Net Name)
    ----------------------------------------  ------------
     FD_1:C->Q             4   0.591   0.762  DMEM_inst/keyboard_driver/state_FSM_FFd1 (DMEM_inst/keyboard_driver/state_FSM_FFd1)
     LUT3:I0->O            4   0.704   0.622  DMEM_inst/keyboard_driver/state_FSM_FFd4-In1 (DMEM_inst/keyboard_driver/state_FSM_FFd4-In)
     LUT3:I2->O            1   0.704   0.424  DMEM_inst/keyboard_driver/DONE_mux0000_SW0 (N21)
     LUT4:I3->O            1   0.704   0.000  DMEM_inst/keyboard_driver/DONE_mux0000 (DMEM_inst/keyboard_driver/DONE_mux0000)
     FD_1:D                    0.308          DMEM_inst/keyboard_driver/DONE
    ----------------------------------------
    Total                      4.819ns (3.011ns logic, 1.808ns route)
                                       (62.5% logic, 37.5% route)

=========================================================================
Timing constraint: Default OFFSET IN BEFORE for Clock 'CLK'
  Total number of paths / destination ports: 102 / 48
-------------------------------------------------------------------------
Offset:              7.015ns (Levels of Logic = 7)
  Source:            IO_BTN<1> (PAD)
  Destination:       RU_inst/regs_15_1 (FF)
  Destination Clock: CLK rising

  Data Path: IO_BTN<1> to RU_inst/regs_15_1
                                Gate     Net
    Cell:in->out      fanout   Delay   Delay  Logical Name (Net Name)
    ----------------------------------------  ------------
     IBUF:I->O             1   1.218   0.595  IO_BTN_1_IBUF (IO_BTN_1_IBUF)
     LUT3:I0->O            1   0.704   0.455  s_data_ext<1>58 (s_data_ext<1>58)
     LUT3:I2->O            1   0.704   0.000  s_data_ext<1>102_F (N94)
     MUXF5:I0->O           1   0.321   0.499  s_data_ext<1>102 (s_data_ext<1>102)
     LUT3:I1->O            2   0.704   0.482  s_data_ext<1>152_SW0 (N66)
     LUT4:I2->O            1   0.704   0.000  s_ru_in<1>1_G (N131)
     MUXF5:I1->O           5   0.321   0.000  s_ru_in<1>1 (s_ru_in<1>)
     FDCE:D                    0.308          RU_inst/regs_2_1
    ----------------------------------------
    Total                      7.015ns (4.984ns logic, 2.031ns route)
                                       (71.0% logic, 29.0% route)

=========================================================================
Timing constraint: Default OFFSET IN BEFORE for Clock 'IO_KDR<0>'
  Total number of paths / destination ports: 26 / 23
-------------------------------------------------------------------------
Offset:              5.432ns (Levels of Logic = 4)
  Source:            IO_KDR<1> (PAD)
  Destination:       DMEM_inst/keyboard_driver/DONE (FF)
  Destination Clock: IO_KDR<0> falling

  Data Path: IO_KDR<1> to DMEM_inst/keyboard_driver/DONE
                                Gate     Net
    Cell:in->out      fanout   Delay   Delay  Logical Name (Net Name)
    ----------------------------------------  ------------
     IBUF:I->O             6   1.218   0.748  IO_KDR_1_IBUF (IO_KDR_1_IBUF)
     LUT3:I1->O            4   0.704   0.622  DMEM_inst/keyboard_driver/state_FSM_FFd4-In1 (DMEM_inst/keyboard_driver/state_FSM_FFd4-In)
     LUT3:I2->O            1   0.704   0.424  DMEM_inst/keyboard_driver/DONE_mux0000_SW0 (N21)
     LUT4:I3->O            1   0.704   0.000  DMEM_inst/keyboard_driver/DONE_mux0000 (DMEM_inst/keyboard_driver/DONE_mux0000)
     FD_1:D                    0.308          DMEM_inst/keyboard_driver/DONE
    ----------------------------------------
    Total                      5.432ns (3.638ns logic, 1.794ns route)
                                       (67.0% logic, 33.0% route)

=========================================================================
Timing constraint: Default OFFSET OUT AFTER for Clock 'CLK'
  Total number of paths / destination ports: 101 / 24
-------------------------------------------------------------------------
Offset:              7.418ns (Levels of Logic = 3)
  Source:            DMEM_inst/display_driver/digit_select (FF)
  Destination:       IO_SSD_J1<3> (PAD)
  Source Clock:      CLK rising

  Data Path: DMEM_inst/display_driver/digit_select to IO_SSD_J1<3>
                                Gate     Net
    Cell:in->out      fanout   Delay   Delay  Logical Name (Net Name)
    ----------------------------------------  ------------
     FDE:C->Q              6   0.591   0.844  DMEM_inst/display_driver/digit_select (DMEM_inst/display_driver/digit_select)
     LUT3:I0->O            7   0.704   0.883  DMEM_inst/display_driver/nibble<3>1 (DMEM_inst/display_driver/nibble<3>)
     LUT4:I0->O            1   0.704   0.420  DMEM_inst/display_driver/Mrom_segments41 (IO_SSD_J1_2_OBUF)
     OBUF:I->O                 3.272          IO_SSD_J1_2_OBUF (IO_SSD_J1<2>)
    ----------------------------------------
    Total                      7.418ns (5.271ns logic, 2.147ns route)
                                       (71.1% logic, 28.9% route)

=========================================================================


Total REAL time to Xst completion: 6.00 secs
Total CPU time to Xst completion: 5.94 secs
 
--> 

Total memory usage is 4530780 kilobytes

Number of errors   :    0 (   0 filtered)
Number of warnings :   28 (   0 filtered)
Number of infos    :    2 (   0 filtered)

