EN comparador2 NULL C:/Users/aula2/Desktop/CompDig-20260311T121741Z-3-001/CompDig/Lab1/Comparador2_vivi_vini/comparador2.vhd sub00/vhpl02 1773233737
AR comparador behavioral C:/Users/aula2/Desktop/CompDig-20260311T121741Z-3-001/CompDig/Lab1/Comparador2_vivi_vini/comparador2.vhd sub00/vhpl01 1773233736
EN comparador NULL C:/Users/aula2/Desktop/CompDig-20260311T121741Z-3-001/CompDig/Lab1/Comparador2_vivi_vini/comparador2.vhd sub00/vhpl00 1773233735
AR comparador2 behavioral C:/Users/aula2/Desktop/CompDig-20260311T121741Z-3-001/CompDig/Lab1/Comparador2_vivi_vini/comparador2.vhd sub00/vhpl03 1773233738
