V3 4
FL C:/Users/aula2/Desktop/CompDig-20260311T121741Z-3-001/CompDig/Lab1/comparador_vivi_vini/comparador.vhd 2026/03/09.05:25:24 P.20131013
EN work/comparador 1773232074 \
      FL C:/Users/aula2/Desktop/CompDig-20260311T121741Z-3-001/CompDig/Lab1/comparador_vivi_vini/comparador.vhd \
      PB ieee/std_logic_1164 1381692176 PB ieee/NUMERIC_STD 1381692181
AR work/comparador/Behavioral 1773232075 \
      FL C:/Users/aula2/Desktop/CompDig-20260311T121741Z-3-001/CompDig/Lab1/comparador_vivi_vini/comparador.vhd \
      EN work/comparador 1773232074
FL "C:/Users/aula2/Desktop/Nova pasta/comparador_vivi_vini/comparador.vhd" 2026/03/09.09:25:24 P.20131013
