--------------------------------------------------------------------------------
Release 14.7 Trace  (nt64)
Copyright (c) 1995-2013 Xilinx, Inc.  All rights reserved.

C:\Xilinx\14.7\ISE_DS\ISE\bin\nt64\unwrapped\trce.exe -intstyle ise -v 3 -s 4
-n 3 -fastpaths -xml top_level.twx top_level.ncd -o top_level.twr top_level.pcf
-ucf constraints.ucf

Design file:              top_level.ncd
Physical constraint file: top_level.pcf
Device,package,speed:     xc3s500e,fg320,-4 (PRODUCTION 1.27 2013-10-13)
Report level:             verbose report

Environment Variable      Effect 
--------------------      ------ 
NONE                      No environment variables were set
--------------------------------------------------------------------------------

INFO:Timing:3412 - To improve timing, see the Timing Closure User Guide (UG612).
INFO:Timing:2752 - To get complete path coverage, use the unconstrained paths 
   option. All paths that are not constrained will be reported in the 
   unconstrained paths section(s) of the report.
INFO:Timing:3339 - The clock-to-out numbers in this timing report are based on 
   a 50 Ohm transmission line loading model.  For the details of this model, 
   and for more information on accounting for different loading conditions, 
   please see the device datasheet.
INFO:Timing:3390 - This architecture does not support a default System Jitter 
   value, please add SYSTEM_JITTER constraint to the UCF to modify the Clock 
   Uncertainty calculation.
INFO:Timing:3389 - This architecture does not support 'Discrete Jitter' and 
   'Phase Error' calculations, these terms will be zero in the Clock 
   Uncertainty calculation.  Please make appropriate modification to 
   SYSTEM_JITTER to account for the unsupported Discrete Jitter and Phase 
   Error.

================================================================================
Timing constraint: NET "CLK_BUFGP/IBUFG" PERIOD = 20 ns HIGH 40%;
For more information, see Period Analysis in the Timing Closure User Guide (UG612).

 9000 paths analyzed, 275 endpoints analyzed, 0 failing endpoints
 0 timing errors detected. (0 setup errors, 0 hold errors, 0 component switching limit errors)
 Minimum period is  11.315ns.
--------------------------------------------------------------------------------

Paths for end point Inst_lcd_init/state_FSM_FFd7 (SLICE_X64Y32.CE), 101 paths
--------------------------------------------------------------------------------
Slack (setup path):     8.685ns (requirement - (data path - clock path skew + uncertainty))
  Source:               Inst_lcd_init/state_FSM_FFd10 (FF)
  Destination:          Inst_lcd_init/state_FSM_FFd7 (FF)
  Requirement:          20.000ns
  Data Path Delay:      11.315ns (Levels of Logic = 9)
  Clock Path Skew:      0.000ns
  Source Clock:         CLK_BUFGP rising at 0.000ns
  Destination Clock:    CLK_BUFGP rising at 20.000ns
  Clock Uncertainty:    0.000ns

  Maximum Data Path: Inst_lcd_init/state_FSM_FFd10 to Inst_lcd_init/state_FSM_FFd7
    Location             Delay type         Delay(ns)  Physical Resource
                                                       Logical Resource(s)
    -------------------------------------------------  -------------------
    SLICE_X54Y22.XQ      Tcko                  0.592   Inst_lcd_init/state_FSM_FFd10
                                                       Inst_lcd_init/state_FSM_FFd10
    SLICE_X64Y38.G2      net (fanout=8)        2.464   Inst_lcd_init/state_FSM_FFd10
    SLICE_X64Y38.Y       Tilo                  0.759   N43
                                                       Inst_lcd_init/state_FSM_Out19_SW0
    SLICE_X65Y36.F3      net (fanout=1)        0.312   N15
    SLICE_X65Y36.COUT    Topcyf                1.162   Inst_lcd_init/Mcompar_state_cmp_lt0000_cy<7>
                                                       Inst_lcd_init/Mcompar_state_cmp_lt0000_lut<6>
                                                       Inst_lcd_init/Mcompar_state_cmp_lt0000_cy<6>
                                                       Inst_lcd_init/Mcompar_state_cmp_lt0000_cy<7>
    SLICE_X65Y37.CIN     net (fanout=1)        0.000   Inst_lcd_init/Mcompar_state_cmp_lt0000_cy<7>
    SLICE_X65Y37.COUT    Tbyp                  0.118   Inst_lcd_init/Mcompar_state_cmp_lt0000_cy<9>
                                                       Inst_lcd_init/Mcompar_state_cmp_lt0000_cy<8>
                                                       Inst_lcd_init/Mcompar_state_cmp_lt0000_cy<9>
    SLICE_X65Y38.CIN     net (fanout=1)        0.000   Inst_lcd_init/Mcompar_state_cmp_lt0000_cy<9>
    SLICE_X65Y38.COUT    Tbyp                  0.118   Inst_lcd_init/Mcompar_state_cmp_lt0000_cy<11>
                                                       Inst_lcd_init/Mcompar_state_cmp_lt0000_cy<10>
                                                       Inst_lcd_init/Mcompar_state_cmp_lt0000_cy<11>
    SLICE_X65Y39.CIN     net (fanout=1)        0.000   Inst_lcd_init/Mcompar_state_cmp_lt0000_cy<11>
    SLICE_X65Y39.COUT    Tbyp                  0.118   Inst_lcd_init/Mcompar_state_cmp_lt0000_cy<13>
                                                       Inst_lcd_init/Mcompar_state_cmp_lt0000_cy<12>
                                                       Inst_lcd_init/Mcompar_state_cmp_lt0000_cy<13>
    SLICE_X65Y40.CIN     net (fanout=1)        0.000   Inst_lcd_init/Mcompar_state_cmp_lt0000_cy<13>
    SLICE_X65Y40.COUT    Tbyp                  0.118   Inst_lcd_init/Mcompar_state_cmp_lt0000_cy<15>
                                                       Inst_lcd_init/Mcompar_state_cmp_lt0000_cy<14>
                                                       Inst_lcd_init/Mcompar_state_cmp_lt0000_cy<15>
    SLICE_X65Y41.CIN     net (fanout=1)        0.000   Inst_lcd_init/Mcompar_state_cmp_lt0000_cy<15>
    SLICE_X65Y41.COUT    Tbyp                  0.118   Inst_lcd_init/Mcompar_state_cmp_lt0000_cy<17>
                                                       Inst_lcd_init/Mcompar_state_cmp_lt0000_cy<16>
                                                       Inst_lcd_init/Mcompar_state_cmp_lt0000_cy<17>
    SLICE_X65Y42.CIN     net (fanout=1)        0.000   Inst_lcd_init/Mcompar_state_cmp_lt0000_cy<17>
    SLICE_X65Y42.COUT    Tbyp                  0.118   Inst_lcd_init/Mcompar_state_cmp_lt0000_cy<19>
                                                       Inst_lcd_init/Mcompar_state_cmp_lt0000_cy<18>
                                                       Inst_lcd_init/Mcompar_state_cmp_lt0000_cy<19>
    SLICE_X54Y24.F2      net (fanout=36)       1.993   Inst_lcd_init/Mcompar_state_cmp_lt0000_cy<19>
    SLICE_X54Y24.X       Tilo                  0.759   Inst_lcd_init/state_FSM_FFd9
                                                       Inst_lcd_init/state_FSM_N31
    SLICE_X64Y32.CE      net (fanout=14)       2.011   Inst_lcd_init/state_FSM_N3
    SLICE_X64Y32.CLK     Tceck                 0.555   Inst_lcd_init/state_FSM_FFd7
                                                       Inst_lcd_init/state_FSM_FFd7
    -------------------------------------------------  ---------------------------
    Total                                     11.315ns (4.535ns logic, 6.780ns route)
                                                       (40.1% logic, 59.9% route)

--------------------------------------------------------------------------------
Slack (setup path):     8.982ns (requirement - (data path - clock path skew + uncertainty))
  Source:               Inst_lcd_init/state_FSM_FFd11 (FF)
  Destination:          Inst_lcd_init/state_FSM_FFd7 (FF)
  Requirement:          20.000ns
  Data Path Delay:      11.018ns (Levels of Logic = 9)
  Clock Path Skew:      0.000ns
  Source Clock:         CLK_BUFGP rising at 0.000ns
  Destination Clock:    CLK_BUFGP rising at 20.000ns
  Clock Uncertainty:    0.000ns

  Maximum Data Path: Inst_lcd_init/state_FSM_FFd11 to Inst_lcd_init/state_FSM_FFd7
    Location             Delay type         Delay(ns)  Physical Resource
                                                       Logical Resource(s)
    -------------------------------------------------  -------------------
    SLICE_X54Y20.XQ      Tcko                  0.592   Inst_lcd_init/state_FSM_FFd11
                                                       Inst_lcd_init/state_FSM_FFd11
    SLICE_X64Y38.G4      net (fanout=9)        2.167   Inst_lcd_init/state_FSM_FFd11
    SLICE_X64Y38.Y       Tilo                  0.759   N43
                                                       Inst_lcd_init/state_FSM_Out19_SW0
    SLICE_X65Y36.F3      net (fanout=1)        0.312   N15
    SLICE_X65Y36.COUT    Topcyf                1.162   Inst_lcd_init/Mcompar_state_cmp_lt0000_cy<7>
                                                       Inst_lcd_init/Mcompar_state_cmp_lt0000_lut<6>
                                                       Inst_lcd_init/Mcompar_state_cmp_lt0000_cy<6>
                                                       Inst_lcd_init/Mcompar_state_cmp_lt0000_cy<7>
    SLICE_X65Y37.CIN     net (fanout=1)        0.000   Inst_lcd_init/Mcompar_state_cmp_lt0000_cy<7>
    SLICE_X65Y37.COUT    Tbyp                  0.118   Inst_lcd_init/Mcompar_state_cmp_lt0000_cy<9>
                                                       Inst_lcd_init/Mcompar_state_cmp_lt0000_cy<8>
                                                       Inst_lcd_init/Mcompar_state_cmp_lt0000_cy<9>
    SLICE_X65Y38.CIN     net (fanout=1)        0.000   Inst_lcd_init/Mcompar_state_cmp_lt0000_cy<9>
    SLICE_X65Y38.COUT    Tbyp                  0.118   Inst_lcd_init/Mcompar_state_cmp_lt0000_cy<11>
                                                       Inst_lcd_init/Mcompar_state_cmp_lt0000_cy<10>
                                                       Inst_lcd_init/Mcompar_state_cmp_lt0000_cy<11>
    SLICE_X65Y39.CIN     net (fanout=1)        0.000   Inst_lcd_init/Mcompar_state_cmp_lt0000_cy<11>
    SLICE_X65Y39.COUT    Tbyp                  0.118   Inst_lcd_init/Mcompar_state_cmp_lt0000_cy<13>
                                                       Inst_lcd_init/Mcompar_state_cmp_lt0000_cy<12>
                                                       Inst_lcd_init/Mcompar_state_cmp_lt0000_cy<13>
    SLICE_X65Y40.CIN     net (fanout=1)        0.000   Inst_lcd_init/Mcompar_state_cmp_lt0000_cy<13>
    SLICE_X65Y40.COUT    Tbyp                  0.118   Inst_lcd_init/Mcompar_state_cmp_lt0000_cy<15>
                                                       Inst_lcd_init/Mcompar_state_cmp_lt0000_cy<14>
                                                       Inst_lcd_init/Mcompar_state_cmp_lt0000_cy<15>
    SLICE_X65Y41.CIN     net (fanout=1)        0.000   Inst_lcd_init/Mcompar_state_cmp_lt0000_cy<15>
    SLICE_X65Y41.COUT    Tbyp                  0.118   Inst_lcd_init/Mcompar_state_cmp_lt0000_cy<17>
                                                       Inst_lcd_init/Mcompar_state_cmp_lt0000_cy<16>
                                                       Inst_lcd_init/Mcompar_state_cmp_lt0000_cy<17>
    SLICE_X65Y42.CIN     net (fanout=1)        0.000   Inst_lcd_init/Mcompar_state_cmp_lt0000_cy<17>
    SLICE_X65Y42.COUT    Tbyp                  0.118   Inst_lcd_init/Mcompar_state_cmp_lt0000_cy<19>
                                                       Inst_lcd_init/Mcompar_state_cmp_lt0000_cy<18>
                                                       Inst_lcd_init/Mcompar_state_cmp_lt0000_cy<19>
    SLICE_X54Y24.F2      net (fanout=36)       1.993   Inst_lcd_init/Mcompar_state_cmp_lt0000_cy<19>
    SLICE_X54Y24.X       Tilo                  0.759   Inst_lcd_init/state_FSM_FFd9
                                                       Inst_lcd_init/state_FSM_N31
    SLICE_X64Y32.CE      net (fanout=14)       2.011   Inst_lcd_init/state_FSM_N3
    SLICE_X64Y32.CLK     Tceck                 0.555   Inst_lcd_init/state_FSM_FFd7
                                                       Inst_lcd_init/state_FSM_FFd7
    -------------------------------------------------  ---------------------------
    Total                                     11.018ns (4.535ns logic, 6.483ns route)
                                                       (41.2% logic, 58.8% route)

--------------------------------------------------------------------------------
Slack (setup path):     9.224ns (requirement - (data path - clock path skew + uncertainty))
  Source:               Inst_lcd_init/state_FSM_FFd11 (FF)
  Destination:          Inst_lcd_init/state_FSM_FFd7 (FF)
  Requirement:          20.000ns
  Data Path Delay:      10.776ns (Levels of Logic = 8)
  Clock Path Skew:      0.000ns
  Source Clock:         CLK_BUFGP rising at 0.000ns
  Destination Clock:    CLK_BUFGP rising at 20.000ns
  Clock Uncertainty:    0.000ns

  Maximum Data Path: Inst_lcd_init/state_FSM_FFd11 to Inst_lcd_init/state_FSM_FFd7
    Location             Delay type         Delay(ns)  Physical Resource
                                                       Logical Resource(s)
    -------------------------------------------------  -------------------
    SLICE_X54Y20.XQ      Tcko                  0.592   Inst_lcd_init/state_FSM_FFd11
                                                       Inst_lcd_init/state_FSM_FFd11
    SLICE_X64Y36.G4      net (fanout=9)        2.176   Inst_lcd_init/state_FSM_FFd11
    SLICE_X64Y36.Y       Tilo                  0.759   N11
                                                       Inst_lcd_init/Mcompar_state_cmp_lt0000_lut<9>_SW0
    SLICE_X65Y37.G4      net (fanout=1)        0.340   N41
    SLICE_X65Y37.COUT    Topcyg                1.001   Inst_lcd_init/Mcompar_state_cmp_lt0000_cy<9>
                                                       Inst_lcd_init/Mcompar_state_cmp_lt0000_lut<9>
                                                       Inst_lcd_init/Mcompar_state_cmp_lt0000_cy<9>
    SLICE_X65Y38.CIN     net (fanout=1)        0.000   Inst_lcd_init/Mcompar_state_cmp_lt0000_cy<9>
    SLICE_X65Y38.COUT    Tbyp                  0.118   Inst_lcd_init/Mcompar_state_cmp_lt0000_cy<11>
                                                       Inst_lcd_init/Mcompar_state_cmp_lt0000_cy<10>
                                                       Inst_lcd_init/Mcompar_state_cmp_lt0000_cy<11>
    SLICE_X65Y39.CIN     net (fanout=1)        0.000   Inst_lcd_init/Mcompar_state_cmp_lt0000_cy<11>
    SLICE_X65Y39.COUT    Tbyp                  0.118   Inst_lcd_init/Mcompar_state_cmp_lt0000_cy<13>
                                                       Inst_lcd_init/Mcompar_state_cmp_lt0000_cy<12>
                                                       Inst_lcd_init/Mcompar_state_cmp_lt0000_cy<13>
    SLICE_X65Y40.CIN     net (fanout=1)        0.000   Inst_lcd_init/Mcompar_state_cmp_lt0000_cy<13>
    SLICE_X65Y40.COUT    Tbyp                  0.118   Inst_lcd_init/Mcompar_state_cmp_lt0000_cy<15>
                                                       Inst_lcd_init/Mcompar_state_cmp_lt0000_cy<14>
                                                       Inst_lcd_init/Mcompar_state_cmp_lt0000_cy<15>
    SLICE_X65Y41.CIN     net (fanout=1)        0.000   Inst_lcd_init/Mcompar_state_cmp_lt0000_cy<15>
    SLICE_X65Y41.COUT    Tbyp                  0.118   Inst_lcd_init/Mcompar_state_cmp_lt0000_cy<17>
                                                       Inst_lcd_init/Mcompar_state_cmp_lt0000_cy<16>
                                                       Inst_lcd_init/Mcompar_state_cmp_lt0000_cy<17>
    SLICE_X65Y42.CIN     net (fanout=1)        0.000   Inst_lcd_init/Mcompar_state_cmp_lt0000_cy<17>
    SLICE_X65Y42.COUT    Tbyp                  0.118   Inst_lcd_init/Mcompar_state_cmp_lt0000_cy<19>
                                                       Inst_lcd_init/Mcompar_state_cmp_lt0000_cy<18>
                                                       Inst_lcd_init/Mcompar_state_cmp_lt0000_cy<19>
    SLICE_X54Y24.F2      net (fanout=36)       1.993   Inst_lcd_init/Mcompar_state_cmp_lt0000_cy<19>
    SLICE_X54Y24.X       Tilo                  0.759   Inst_lcd_init/state_FSM_FFd9
                                                       Inst_lcd_init/state_FSM_N31
    SLICE_X64Y32.CE      net (fanout=14)       2.011   Inst_lcd_init/state_FSM_N3
    SLICE_X64Y32.CLK     Tceck                 0.555   Inst_lcd_init/state_FSM_FFd7
                                                       Inst_lcd_init/state_FSM_FFd7
    -------------------------------------------------  ---------------------------
    Total                                     10.776ns (4.256ns logic, 6.520ns route)
                                                       (39.5% logic, 60.5% route)

--------------------------------------------------------------------------------

Paths for end point Inst_lcd_init/state_FSM_FFd3 (SLICE_X67Y34.CE), 101 paths
--------------------------------------------------------------------------------
Slack (setup path):     8.949ns (requirement - (data path - clock path skew + uncertainty))
  Source:               Inst_lcd_init/state_FSM_FFd10 (FF)
  Destination:          Inst_lcd_init/state_FSM_FFd3 (FF)
  Requirement:          20.000ns
  Data Path Delay:      11.051ns (Levels of Logic = 9)
  Clock Path Skew:      0.000ns
  Source Clock:         CLK_BUFGP rising at 0.000ns
  Destination Clock:    CLK_BUFGP rising at 20.000ns
  Clock Uncertainty:    0.000ns

  Maximum Data Path: Inst_lcd_init/state_FSM_FFd10 to Inst_lcd_init/state_FSM_FFd3
    Location             Delay type         Delay(ns)  Physical Resource
                                                       Logical Resource(s)
    -------------------------------------------------  -------------------
    SLICE_X54Y22.XQ      Tcko                  0.592   Inst_lcd_init/state_FSM_FFd10
                                                       Inst_lcd_init/state_FSM_FFd10
    SLICE_X64Y38.G2      net (fanout=8)        2.464   Inst_lcd_init/state_FSM_FFd10
    SLICE_X64Y38.Y       Tilo                  0.759   N43
                                                       Inst_lcd_init/state_FSM_Out19_SW0
    SLICE_X65Y36.F3      net (fanout=1)        0.312   N15
    SLICE_X65Y36.COUT    Topcyf                1.162   Inst_lcd_init/Mcompar_state_cmp_lt0000_cy<7>
                                                       Inst_lcd_init/Mcompar_state_cmp_lt0000_lut<6>
                                                       Inst_lcd_init/Mcompar_state_cmp_lt0000_cy<6>
                                                       Inst_lcd_init/Mcompar_state_cmp_lt0000_cy<7>
    SLICE_X65Y37.CIN     net (fanout=1)        0.000   Inst_lcd_init/Mcompar_state_cmp_lt0000_cy<7>
    SLICE_X65Y37.COUT    Tbyp                  0.118   Inst_lcd_init/Mcompar_state_cmp_lt0000_cy<9>
                                                       Inst_lcd_init/Mcompar_state_cmp_lt0000_cy<8>
                                                       Inst_lcd_init/Mcompar_state_cmp_lt0000_cy<9>
    SLICE_X65Y38.CIN     net (fanout=1)        0.000   Inst_lcd_init/Mcompar_state_cmp_lt0000_cy<9>
    SLICE_X65Y38.COUT    Tbyp                  0.118   Inst_lcd_init/Mcompar_state_cmp_lt0000_cy<11>
                                                       Inst_lcd_init/Mcompar_state_cmp_lt0000_cy<10>
                                                       Inst_lcd_init/Mcompar_state_cmp_lt0000_cy<11>
    SLICE_X65Y39.CIN     net (fanout=1)        0.000   Inst_lcd_init/Mcompar_state_cmp_lt0000_cy<11>
    SLICE_X65Y39.COUT    Tbyp                  0.118   Inst_lcd_init/Mcompar_state_cmp_lt0000_cy<13>
                                                       Inst_lcd_init/Mcompar_state_cmp_lt0000_cy<12>
                                                       Inst_lcd_init/Mcompar_state_cmp_lt0000_cy<13>
    SLICE_X65Y40.CIN     net (fanout=1)        0.000   Inst_lcd_init/Mcompar_state_cmp_lt0000_cy<13>
    SLICE_X65Y40.COUT    Tbyp                  0.118   Inst_lcd_init/Mcompar_state_cmp_lt0000_cy<15>
                                                       Inst_lcd_init/Mcompar_state_cmp_lt0000_cy<14>
                                                       Inst_lcd_init/Mcompar_state_cmp_lt0000_cy<15>
    SLICE_X65Y41.CIN     net (fanout=1)        0.000   Inst_lcd_init/Mcompar_state_cmp_lt0000_cy<15>
    SLICE_X65Y41.COUT    Tbyp                  0.118   Inst_lcd_init/Mcompar_state_cmp_lt0000_cy<17>
                                                       Inst_lcd_init/Mcompar_state_cmp_lt0000_cy<16>
                                                       Inst_lcd_init/Mcompar_state_cmp_lt0000_cy<17>
    SLICE_X65Y42.CIN     net (fanout=1)        0.000   Inst_lcd_init/Mcompar_state_cmp_lt0000_cy<17>
    SLICE_X65Y42.COUT    Tbyp                  0.118   Inst_lcd_init/Mcompar_state_cmp_lt0000_cy<19>
                                                       Inst_lcd_init/Mcompar_state_cmp_lt0000_cy<18>
                                                       Inst_lcd_init/Mcompar_state_cmp_lt0000_cy<19>
    SLICE_X54Y24.F2      net (fanout=36)       1.993   Inst_lcd_init/Mcompar_state_cmp_lt0000_cy<19>
    SLICE_X54Y24.X       Tilo                  0.759   Inst_lcd_init/state_FSM_FFd9
                                                       Inst_lcd_init/state_FSM_N31
    SLICE_X67Y34.CE      net (fanout=14)       1.747   Inst_lcd_init/state_FSM_N3
    SLICE_X67Y34.CLK     Tceck                 0.555   Inst_lcd_init/state_FSM_FFd3
                                                       Inst_lcd_init/state_FSM_FFd3
    -------------------------------------------------  ---------------------------
    Total                                     11.051ns (4.535ns logic, 6.516ns route)
                                                       (41.0% logic, 59.0% route)

--------------------------------------------------------------------------------
Slack (setup path):     9.246ns (requirement - (data path - clock path skew + uncertainty))
  Source:               Inst_lcd_init/state_FSM_FFd11 (FF)
  Destination:          Inst_lcd_init/state_FSM_FFd3 (FF)
  Requirement:          20.000ns
  Data Path Delay:      10.754ns (Levels of Logic = 9)
  Clock Path Skew:      0.000ns
  Source Clock:         CLK_BUFGP rising at 0.000ns
  Destination Clock:    CLK_BUFGP rising at 20.000ns
  Clock Uncertainty:    0.000ns

  Maximum Data Path: Inst_lcd_init/state_FSM_FFd11 to Inst_lcd_init/state_FSM_FFd3
    Location             Delay type         Delay(ns)  Physical Resource
                                                       Logical Resource(s)
    -------------------------------------------------  -------------------
    SLICE_X54Y20.XQ      Tcko                  0.592   Inst_lcd_init/state_FSM_FFd11
                                                       Inst_lcd_init/state_FSM_FFd11
    SLICE_X64Y38.G4      net (fanout=9)        2.167   Inst_lcd_init/state_FSM_FFd11
    SLICE_X64Y38.Y       Tilo                  0.759   N43
                                                       Inst_lcd_init/state_FSM_Out19_SW0
    SLICE_X65Y36.F3      net (fanout=1)        0.312   N15
    SLICE_X65Y36.COUT    Topcyf                1.162   Inst_lcd_init/Mcompar_state_cmp_lt0000_cy<7>
                                                       Inst_lcd_init/Mcompar_state_cmp_lt0000_lut<6>
                                                       Inst_lcd_init/Mcompar_state_cmp_lt0000_cy<6>
                                                       Inst_lcd_init/Mcompar_state_cmp_lt0000_cy<7>
    SLICE_X65Y37.CIN     net (fanout=1)        0.000   Inst_lcd_init/Mcompar_state_cmp_lt0000_cy<7>
    SLICE_X65Y37.COUT    Tbyp                  0.118   Inst_lcd_init/Mcompar_state_cmp_lt0000_cy<9>
                                                       Inst_lcd_init/Mcompar_state_cmp_lt0000_cy<8>
                                                       Inst_lcd_init/Mcompar_state_cmp_lt0000_cy<9>
    SLICE_X65Y38.CIN     net (fanout=1)        0.000   Inst_lcd_init/Mcompar_state_cmp_lt0000_cy<9>
    SLICE_X65Y38.COUT    Tbyp                  0.118   Inst_lcd_init/Mcompar_state_cmp_lt0000_cy<11>
                                                       Inst_lcd_init/Mcompar_state_cmp_lt0000_cy<10>
                                                       Inst_lcd_init/Mcompar_state_cmp_lt0000_cy<11>
    SLICE_X65Y39.CIN     net (fanout=1)        0.000   Inst_lcd_init/Mcompar_state_cmp_lt0000_cy<11>
    SLICE_X65Y39.COUT    Tbyp                  0.118   Inst_lcd_init/Mcompar_state_cmp_lt0000_cy<13>
                                                       Inst_lcd_init/Mcompar_state_cmp_lt0000_cy<12>
                                                       Inst_lcd_init/Mcompar_state_cmp_lt0000_cy<13>
    SLICE_X65Y40.CIN     net (fanout=1)        0.000   Inst_lcd_init/Mcompar_state_cmp_lt0000_cy<13>
    SLICE_X65Y40.COUT    Tbyp                  0.118   Inst_lcd_init/Mcompar_state_cmp_lt0000_cy<15>
                                                       Inst_lcd_init/Mcompar_state_cmp_lt0000_cy<14>
                                                       Inst_lcd_init/Mcompar_state_cmp_lt0000_cy<15>
    SLICE_X65Y41.CIN     net (fanout=1)        0.000   Inst_lcd_init/Mcompar_state_cmp_lt0000_cy<15>
    SLICE_X65Y41.COUT    Tbyp                  0.118   Inst_lcd_init/Mcompar_state_cmp_lt0000_cy<17>
                                                       Inst_lcd_init/Mcompar_state_cmp_lt0000_cy<16>
                                                       Inst_lcd_init/Mcompar_state_cmp_lt0000_cy<17>
    SLICE_X65Y42.CIN     net (fanout=1)        0.000   Inst_lcd_init/Mcompar_state_cmp_lt0000_cy<17>
    SLICE_X65Y42.COUT    Tbyp                  0.118   Inst_lcd_init/Mcompar_state_cmp_lt0000_cy<19>
                                                       Inst_lcd_init/Mcompar_state_cmp_lt0000_cy<18>
                                                       Inst_lcd_init/Mcompar_state_cmp_lt0000_cy<19>
    SLICE_X54Y24.F2      net (fanout=36)       1.993   Inst_lcd_init/Mcompar_state_cmp_lt0000_cy<19>
    SLICE_X54Y24.X       Tilo                  0.759   Inst_lcd_init/state_FSM_FFd9
                                                       Inst_lcd_init/state_FSM_N31
    SLICE_X67Y34.CE      net (fanout=14)       1.747   Inst_lcd_init/state_FSM_N3
    SLICE_X67Y34.CLK     Tceck                 0.555   Inst_lcd_init/state_FSM_FFd3
                                                       Inst_lcd_init/state_FSM_FFd3
    -------------------------------------------------  ---------------------------
    Total                                     10.754ns (4.535ns logic, 6.219ns route)
                                                       (42.2% logic, 57.8% route)

--------------------------------------------------------------------------------
Slack (setup path):     9.488ns (requirement - (data path - clock path skew + uncertainty))
  Source:               Inst_lcd_init/state_FSM_FFd11 (FF)
  Destination:          Inst_lcd_init/state_FSM_FFd3 (FF)
  Requirement:          20.000ns
  Data Path Delay:      10.512ns (Levels of Logic = 8)
  Clock Path Skew:      0.000ns
  Source Clock:         CLK_BUFGP rising at 0.000ns
  Destination Clock:    CLK_BUFGP rising at 20.000ns
  Clock Uncertainty:    0.000ns

  Maximum Data Path: Inst_lcd_init/state_FSM_FFd11 to Inst_lcd_init/state_FSM_FFd3
    Location             Delay type         Delay(ns)  Physical Resource
                                                       Logical Resource(s)
    -------------------------------------------------  -------------------
    SLICE_X54Y20.XQ      Tcko                  0.592   Inst_lcd_init/state_FSM_FFd11
                                                       Inst_lcd_init/state_FSM_FFd11
    SLICE_X64Y36.G4      net (fanout=9)        2.176   Inst_lcd_init/state_FSM_FFd11
    SLICE_X64Y36.Y       Tilo                  0.759   N11
                                                       Inst_lcd_init/Mcompar_state_cmp_lt0000_lut<9>_SW0
    SLICE_X65Y37.G4      net (fanout=1)        0.340   N41
    SLICE_X65Y37.COUT    Topcyg                1.001   Inst_lcd_init/Mcompar_state_cmp_lt0000_cy<9>
                                                       Inst_lcd_init/Mcompar_state_cmp_lt0000_lut<9>
                                                       Inst_lcd_init/Mcompar_state_cmp_lt0000_cy<9>
    SLICE_X65Y38.CIN     net (fanout=1)        0.000   Inst_lcd_init/Mcompar_state_cmp_lt0000_cy<9>
    SLICE_X65Y38.COUT    Tbyp                  0.118   Inst_lcd_init/Mcompar_state_cmp_lt0000_cy<11>
                                                       Inst_lcd_init/Mcompar_state_cmp_lt0000_cy<10>
                                                       Inst_lcd_init/Mcompar_state_cmp_lt0000_cy<11>
    SLICE_X65Y39.CIN     net (fanout=1)        0.000   Inst_lcd_init/Mcompar_state_cmp_lt0000_cy<11>
    SLICE_X65Y39.COUT    Tbyp                  0.118   Inst_lcd_init/Mcompar_state_cmp_lt0000_cy<13>
                                                       Inst_lcd_init/Mcompar_state_cmp_lt0000_cy<12>
                                                       Inst_lcd_init/Mcompar_state_cmp_lt0000_cy<13>
    SLICE_X65Y40.CIN     net (fanout=1)        0.000   Inst_lcd_init/Mcompar_state_cmp_lt0000_cy<13>
    SLICE_X65Y40.COUT    Tbyp                  0.118   Inst_lcd_init/Mcompar_state_cmp_lt0000_cy<15>
                                                       Inst_lcd_init/Mcompar_state_cmp_lt0000_cy<14>
                                                       Inst_lcd_init/Mcompar_state_cmp_lt0000_cy<15>
    SLICE_X65Y41.CIN     net (fanout=1)        0.000   Inst_lcd_init/Mcompar_state_cmp_lt0000_cy<15>
    SLICE_X65Y41.COUT    Tbyp                  0.118   Inst_lcd_init/Mcompar_state_cmp_lt0000_cy<17>
                                                       Inst_lcd_init/Mcompar_state_cmp_lt0000_cy<16>
                                                       Inst_lcd_init/Mcompar_state_cmp_lt0000_cy<17>
    SLICE_X65Y42.CIN     net (fanout=1)        0.000   Inst_lcd_init/Mcompar_state_cmp_lt0000_cy<17>
    SLICE_X65Y42.COUT    Tbyp                  0.118   Inst_lcd_init/Mcompar_state_cmp_lt0000_cy<19>
                                                       Inst_lcd_init/Mcompar_state_cmp_lt0000_cy<18>
                                                       Inst_lcd_init/Mcompar_state_cmp_lt0000_cy<19>
    SLICE_X54Y24.F2      net (fanout=36)       1.993   Inst_lcd_init/Mcompar_state_cmp_lt0000_cy<19>
    SLICE_X54Y24.X       Tilo                  0.759   Inst_lcd_init/state_FSM_FFd9
                                                       Inst_lcd_init/state_FSM_N31
    SLICE_X67Y34.CE      net (fanout=14)       1.747   Inst_lcd_init/state_FSM_N3
    SLICE_X67Y34.CLK     Tceck                 0.555   Inst_lcd_init/state_FSM_FFd3
                                                       Inst_lcd_init/state_FSM_FFd3
    -------------------------------------------------  ---------------------------
    Total                                     10.512ns (4.256ns logic, 6.256ns route)
                                                       (40.5% logic, 59.5% route)

--------------------------------------------------------------------------------

Paths for end point Inst_lcd_init/state_FSM_FFd5 (SLICE_X67Y35.CE), 101 paths
--------------------------------------------------------------------------------
Slack (setup path):     8.949ns (requirement - (data path - clock path skew + uncertainty))
  Source:               Inst_lcd_init/state_FSM_FFd10 (FF)
  Destination:          Inst_lcd_init/state_FSM_FFd5 (FF)
  Requirement:          20.000ns
  Data Path Delay:      11.051ns (Levels of Logic = 9)
  Clock Path Skew:      0.000ns
  Source Clock:         CLK_BUFGP rising at 0.000ns
  Destination Clock:    CLK_BUFGP rising at 20.000ns
  Clock Uncertainty:    0.000ns

  Maximum Data Path: Inst_lcd_init/state_FSM_FFd10 to Inst_lcd_init/state_FSM_FFd5
    Location             Delay type         Delay(ns)  Physical Resource
                                                       Logical Resource(s)
    -------------------------------------------------  -------------------
    SLICE_X54Y22.XQ      Tcko                  0.592   Inst_lcd_init/state_FSM_FFd10
                                                       Inst_lcd_init/state_FSM_FFd10
    SLICE_X64Y38.G2      net (fanout=8)        2.464   Inst_lcd_init/state_FSM_FFd10
    SLICE_X64Y38.Y       Tilo                  0.759   N43
                                                       Inst_lcd_init/state_FSM_Out19_SW0
    SLICE_X65Y36.F3      net (fanout=1)        0.312   N15
    SLICE_X65Y36.COUT    Topcyf                1.162   Inst_lcd_init/Mcompar_state_cmp_lt0000_cy<7>
                                                       Inst_lcd_init/Mcompar_state_cmp_lt0000_lut<6>
                                                       Inst_lcd_init/Mcompar_state_cmp_lt0000_cy<6>
                                                       Inst_lcd_init/Mcompar_state_cmp_lt0000_cy<7>
    SLICE_X65Y37.CIN     net (fanout=1)        0.000   Inst_lcd_init/Mcompar_state_cmp_lt0000_cy<7>
    SLICE_X65Y37.COUT    Tbyp                  0.118   Inst_lcd_init/Mcompar_state_cmp_lt0000_cy<9>
                                                       Inst_lcd_init/Mcompar_state_cmp_lt0000_cy<8>
                                                       Inst_lcd_init/Mcompar_state_cmp_lt0000_cy<9>
    SLICE_X65Y38.CIN     net (fanout=1)        0.000   Inst_lcd_init/Mcompar_state_cmp_lt0000_cy<9>
    SLICE_X65Y38.COUT    Tbyp                  0.118   Inst_lcd_init/Mcompar_state_cmp_lt0000_cy<11>
                                                       Inst_lcd_init/Mcompar_state_cmp_lt0000_cy<10>
                                                       Inst_lcd_init/Mcompar_state_cmp_lt0000_cy<11>
    SLICE_X65Y39.CIN     net (fanout=1)        0.000   Inst_lcd_init/Mcompar_state_cmp_lt0000_cy<11>
    SLICE_X65Y39.COUT    Tbyp                  0.118   Inst_lcd_init/Mcompar_state_cmp_lt0000_cy<13>
                                                       Inst_lcd_init/Mcompar_state_cmp_lt0000_cy<12>
                                                       Inst_lcd_init/Mcompar_state_cmp_lt0000_cy<13>
    SLICE_X65Y40.CIN     net (fanout=1)        0.000   Inst_lcd_init/Mcompar_state_cmp_lt0000_cy<13>
    SLICE_X65Y40.COUT    Tbyp                  0.118   Inst_lcd_init/Mcompar_state_cmp_lt0000_cy<15>
                                                       Inst_lcd_init/Mcompar_state_cmp_lt0000_cy<14>
                                                       Inst_lcd_init/Mcompar_state_cmp_lt0000_cy<15>
    SLICE_X65Y41.CIN     net (fanout=1)        0.000   Inst_lcd_init/Mcompar_state_cmp_lt0000_cy<15>
    SLICE_X65Y41.COUT    Tbyp                  0.118   Inst_lcd_init/Mcompar_state_cmp_lt0000_cy<17>
                                                       Inst_lcd_init/Mcompar_state_cmp_lt0000_cy<16>
                                                       Inst_lcd_init/Mcompar_state_cmp_lt0000_cy<17>
    SLICE_X65Y42.CIN     net (fanout=1)        0.000   Inst_lcd_init/Mcompar_state_cmp_lt0000_cy<17>
    SLICE_X65Y42.COUT    Tbyp                  0.118   Inst_lcd_init/Mcompar_state_cmp_lt0000_cy<19>
                                                       Inst_lcd_init/Mcompar_state_cmp_lt0000_cy<18>
                                                       Inst_lcd_init/Mcompar_state_cmp_lt0000_cy<19>
    SLICE_X54Y24.F2      net (fanout=36)       1.993   Inst_lcd_init/Mcompar_state_cmp_lt0000_cy<19>
    SLICE_X54Y24.X       Tilo                  0.759   Inst_lcd_init/state_FSM_FFd9
                                                       Inst_lcd_init/state_FSM_N31
    SLICE_X67Y35.CE      net (fanout=14)       1.747   Inst_lcd_init/state_FSM_N3
    SLICE_X67Y35.CLK     Tceck                 0.555   Inst_lcd_init/state_FSM_FFd5
                                                       Inst_lcd_init/state_FSM_FFd5
    -------------------------------------------------  ---------------------------
    Total                                     11.051ns (4.535ns logic, 6.516ns route)
                                                       (41.0% logic, 59.0% route)

--------------------------------------------------------------------------------
Slack (setup path):     9.246ns (requirement - (data path - clock path skew + uncertainty))
  Source:               Inst_lcd_init/state_FSM_FFd11 (FF)
  Destination:          Inst_lcd_init/state_FSM_FFd5 (FF)
  Requirement:          20.000ns
  Data Path Delay:      10.754ns (Levels of Logic = 9)
  Clock Path Skew:      0.000ns
  Source Clock:         CLK_BUFGP rising at 0.000ns
  Destination Clock:    CLK_BUFGP rising at 20.000ns
  Clock Uncertainty:    0.000ns

  Maximum Data Path: Inst_lcd_init/state_FSM_FFd11 to Inst_lcd_init/state_FSM_FFd5
    Location             Delay type         Delay(ns)  Physical Resource
                                                       Logical Resource(s)
    -------------------------------------------------  -------------------
    SLICE_X54Y20.XQ      Tcko                  0.592   Inst_lcd_init/state_FSM_FFd11
                                                       Inst_lcd_init/state_FSM_FFd11
    SLICE_X64Y38.G4      net (fanout=9)        2.167   Inst_lcd_init/state_FSM_FFd11
    SLICE_X64Y38.Y       Tilo                  0.759   N43
                                                       Inst_lcd_init/state_FSM_Out19_SW0
    SLICE_X65Y36.F3      net (fanout=1)        0.312   N15
    SLICE_X65Y36.COUT    Topcyf                1.162   Inst_lcd_init/Mcompar_state_cmp_lt0000_cy<7>
                                                       Inst_lcd_init/Mcompar_state_cmp_lt0000_lut<6>
                                                       Inst_lcd_init/Mcompar_state_cmp_lt0000_cy<6>
                                                       Inst_lcd_init/Mcompar_state_cmp_lt0000_cy<7>
    SLICE_X65Y37.CIN     net (fanout=1)        0.000   Inst_lcd_init/Mcompar_state_cmp_lt0000_cy<7>
    SLICE_X65Y37.COUT    Tbyp                  0.118   Inst_lcd_init/Mcompar_state_cmp_lt0000_cy<9>
                                                       Inst_lcd_init/Mcompar_state_cmp_lt0000_cy<8>
                                                       Inst_lcd_init/Mcompar_state_cmp_lt0000_cy<9>
    SLICE_X65Y38.CIN     net (fanout=1)        0.000   Inst_lcd_init/Mcompar_state_cmp_lt0000_cy<9>
    SLICE_X65Y38.COUT    Tbyp                  0.118   Inst_lcd_init/Mcompar_state_cmp_lt0000_cy<11>
                                                       Inst_lcd_init/Mcompar_state_cmp_lt0000_cy<10>
                                                       Inst_lcd_init/Mcompar_state_cmp_lt0000_cy<11>
    SLICE_X65Y39.CIN     net (fanout=1)        0.000   Inst_lcd_init/Mcompar_state_cmp_lt0000_cy<11>
    SLICE_X65Y39.COUT    Tbyp                  0.118   Inst_lcd_init/Mcompar_state_cmp_lt0000_cy<13>
                                                       Inst_lcd_init/Mcompar_state_cmp_lt0000_cy<12>
                                                       Inst_lcd_init/Mcompar_state_cmp_lt0000_cy<13>
    SLICE_X65Y40.CIN     net (fanout=1)        0.000   Inst_lcd_init/Mcompar_state_cmp_lt0000_cy<13>
    SLICE_X65Y40.COUT    Tbyp                  0.118   Inst_lcd_init/Mcompar_state_cmp_lt0000_cy<15>
                                                       Inst_lcd_init/Mcompar_state_cmp_lt0000_cy<14>
                                                       Inst_lcd_init/Mcompar_state_cmp_lt0000_cy<15>
    SLICE_X65Y41.CIN     net (fanout=1)        0.000   Inst_lcd_init/Mcompar_state_cmp_lt0000_cy<15>
    SLICE_X65Y41.COUT    Tbyp                  0.118   Inst_lcd_init/Mcompar_state_cmp_lt0000_cy<17>
                                                       Inst_lcd_init/Mcompar_state_cmp_lt0000_cy<16>
                                                       Inst_lcd_init/Mcompar_state_cmp_lt0000_cy<17>
    SLICE_X65Y42.CIN     net (fanout=1)        0.000   Inst_lcd_init/Mcompar_state_cmp_lt0000_cy<17>
    SLICE_X65Y42.COUT    Tbyp                  0.118   Inst_lcd_init/Mcompar_state_cmp_lt0000_cy<19>
                                                       Inst_lcd_init/Mcompar_state_cmp_lt0000_cy<18>
                                                       Inst_lcd_init/Mcompar_state_cmp_lt0000_cy<19>
    SLICE_X54Y24.F2      net (fanout=36)       1.993   Inst_lcd_init/Mcompar_state_cmp_lt0000_cy<19>
    SLICE_X54Y24.X       Tilo                  0.759   Inst_lcd_init/state_FSM_FFd9
                                                       Inst_lcd_init/state_FSM_N31
    SLICE_X67Y35.CE      net (fanout=14)       1.747   Inst_lcd_init/state_FSM_N3
    SLICE_X67Y35.CLK     Tceck                 0.555   Inst_lcd_init/state_FSM_FFd5
                                                       Inst_lcd_init/state_FSM_FFd5
    -------------------------------------------------  ---------------------------
    Total                                     10.754ns (4.535ns logic, 6.219ns route)
                                                       (42.2% logic, 57.8% route)

--------------------------------------------------------------------------------
Slack (setup path):     9.488ns (requirement - (data path - clock path skew + uncertainty))
  Source:               Inst_lcd_init/state_FSM_FFd11 (FF)
  Destination:          Inst_lcd_init/state_FSM_FFd5 (FF)
  Requirement:          20.000ns
  Data Path Delay:      10.512ns (Levels of Logic = 8)
  Clock Path Skew:      0.000ns
  Source Clock:         CLK_BUFGP rising at 0.000ns
  Destination Clock:    CLK_BUFGP rising at 20.000ns
  Clock Uncertainty:    0.000ns

  Maximum Data Path: Inst_lcd_init/state_FSM_FFd11 to Inst_lcd_init/state_FSM_FFd5
    Location             Delay type         Delay(ns)  Physical Resource
                                                       Logical Resource(s)
    -------------------------------------------------  -------------------
    SLICE_X54Y20.XQ      Tcko                  0.592   Inst_lcd_init/state_FSM_FFd11
                                                       Inst_lcd_init/state_FSM_FFd11
    SLICE_X64Y36.G4      net (fanout=9)        2.176   Inst_lcd_init/state_FSM_FFd11
    SLICE_X64Y36.Y       Tilo                  0.759   N11
                                                       Inst_lcd_init/Mcompar_state_cmp_lt0000_lut<9>_SW0
    SLICE_X65Y37.G4      net (fanout=1)        0.340   N41
    SLICE_X65Y37.COUT    Topcyg                1.001   Inst_lcd_init/Mcompar_state_cmp_lt0000_cy<9>
                                                       Inst_lcd_init/Mcompar_state_cmp_lt0000_lut<9>
                                                       Inst_lcd_init/Mcompar_state_cmp_lt0000_cy<9>
    SLICE_X65Y38.CIN     net (fanout=1)        0.000   Inst_lcd_init/Mcompar_state_cmp_lt0000_cy<9>
    SLICE_X65Y38.COUT    Tbyp                  0.118   Inst_lcd_init/Mcompar_state_cmp_lt0000_cy<11>
                                                       Inst_lcd_init/Mcompar_state_cmp_lt0000_cy<10>
                                                       Inst_lcd_init/Mcompar_state_cmp_lt0000_cy<11>
    SLICE_X65Y39.CIN     net (fanout=1)        0.000   Inst_lcd_init/Mcompar_state_cmp_lt0000_cy<11>
    SLICE_X65Y39.COUT    Tbyp                  0.118   Inst_lcd_init/Mcompar_state_cmp_lt0000_cy<13>
                                                       Inst_lcd_init/Mcompar_state_cmp_lt0000_cy<12>
                                                       Inst_lcd_init/Mcompar_state_cmp_lt0000_cy<13>
    SLICE_X65Y40.CIN     net (fanout=1)        0.000   Inst_lcd_init/Mcompar_state_cmp_lt0000_cy<13>
    SLICE_X65Y40.COUT    Tbyp                  0.118   Inst_lcd_init/Mcompar_state_cmp_lt0000_cy<15>
                                                       Inst_lcd_init/Mcompar_state_cmp_lt0000_cy<14>
                                                       Inst_lcd_init/Mcompar_state_cmp_lt0000_cy<15>
    SLICE_X65Y41.CIN     net (fanout=1)        0.000   Inst_lcd_init/Mcompar_state_cmp_lt0000_cy<15>
    SLICE_X65Y41.COUT    Tbyp                  0.118   Inst_lcd_init/Mcompar_state_cmp_lt0000_cy<17>
                                                       Inst_lcd_init/Mcompar_state_cmp_lt0000_cy<16>
                                                       Inst_lcd_init/Mcompar_state_cmp_lt0000_cy<17>
    SLICE_X65Y42.CIN     net (fanout=1)        0.000   Inst_lcd_init/Mcompar_state_cmp_lt0000_cy<17>
    SLICE_X65Y42.COUT    Tbyp                  0.118   Inst_lcd_init/Mcompar_state_cmp_lt0000_cy<19>
                                                       Inst_lcd_init/Mcompar_state_cmp_lt0000_cy<18>
                                                       Inst_lcd_init/Mcompar_state_cmp_lt0000_cy<19>
    SLICE_X54Y24.F2      net (fanout=36)       1.993   Inst_lcd_init/Mcompar_state_cmp_lt0000_cy<19>
    SLICE_X54Y24.X       Tilo                  0.759   Inst_lcd_init/state_FSM_FFd9
                                                       Inst_lcd_init/state_FSM_N31
    SLICE_X67Y35.CE      net (fanout=14)       1.747   Inst_lcd_init/state_FSM_N3
    SLICE_X67Y35.CLK     Tceck                 0.555   Inst_lcd_init/state_FSM_FFd5
                                                       Inst_lcd_init/state_FSM_FFd5
    -------------------------------------------------  ---------------------------
    Total                                     10.512ns (4.256ns logic, 6.256ns route)
                                                       (40.5% logic, 59.5% route)

--------------------------------------------------------------------------------

Hold Paths: NET "CLK_BUFGP/IBUFG" PERIOD = 20 ns HIGH 40%;
--------------------------------------------------------------------------------

Paths for end point Inst_lcd_write/e_cnt_1 (SLICE_X47Y37.F4), 1 path
--------------------------------------------------------------------------------
Slack (hold path):      1.324ns (requirement - (clock path skew + uncertainty - data path))
  Source:               Inst_lcd_write/e_cnt_1 (FF)
  Destination:          Inst_lcd_write/e_cnt_1 (FF)
  Requirement:          0.000ns
  Data Path Delay:      1.324ns (Levels of Logic = 1)
  Clock Path Skew:      0.000ns
  Source Clock:         CLK_BUFGP rising at 20.000ns
  Destination Clock:    CLK_BUFGP rising at 20.000ns
  Clock Uncertainty:    0.000ns

  Minimum Data Path: Inst_lcd_write/e_cnt_1 to Inst_lcd_write/e_cnt_1
    Location             Delay type         Delay(ns)  Physical Resource
                                                       Logical Resource(s)
    -------------------------------------------------  -------------------
    SLICE_X47Y37.XQ      Tcko                  0.473   Inst_lcd_write/e_cnt<1>
                                                       Inst_lcd_write/e_cnt_1
    SLICE_X47Y37.F4      net (fanout=3)        0.335   Inst_lcd_write/e_cnt<1>
    SLICE_X47Y37.CLK     Tckf        (-Th)    -0.516   Inst_lcd_write/e_cnt<1>
                                                       Inst_lcd_write/e_cnt_mux0000<1>1
                                                       Inst_lcd_write/e_cnt_1
    -------------------------------------------------  ---------------------------
    Total                                      1.324ns (0.989ns logic, 0.335ns route)
                                                       (74.7% logic, 25.3% route)

--------------------------------------------------------------------------------

Paths for end point Inst_lcd_init/state_FSM_FFd13 (SLICE_X55Y21.G4), 1 path
--------------------------------------------------------------------------------
Slack (hold path):      1.366ns (requirement - (clock path skew + uncertainty - data path))
  Source:               Inst_lcd_init/state_FSM_FFd13 (FF)
  Destination:          Inst_lcd_init/state_FSM_FFd13 (FF)
  Requirement:          0.000ns
  Data Path Delay:      1.366ns (Levels of Logic = 1)
  Clock Path Skew:      0.000ns
  Source Clock:         CLK_BUFGP rising at 20.000ns
  Destination Clock:    CLK_BUFGP rising at 20.000ns
  Clock Uncertainty:    0.000ns

  Minimum Data Path: Inst_lcd_init/state_FSM_FFd13 to Inst_lcd_init/state_FSM_FFd13
    Location             Delay type         Delay(ns)  Physical Resource
                                                       Logical Resource(s)
    -------------------------------------------------  -------------------
    SLICE_X55Y21.YQ      Tcko                  0.470   Inst_lcd_init/state_FSM_FFd14
                                                       Inst_lcd_init/state_FSM_FFd13
    SLICE_X55Y21.G4      net (fanout=10)       0.380   Inst_lcd_init/state_FSM_FFd13
    SLICE_X55Y21.CLK     Tckg        (-Th)    -0.516   Inst_lcd_init/state_FSM_FFd14
                                                       Inst_lcd_init/state_FSM_FFd13-In1
                                                       Inst_lcd_init/state_FSM_FFd13
    -------------------------------------------------  ---------------------------
    Total                                      1.366ns (0.986ns logic, 0.380ns route)
                                                       (72.2% logic, 27.8% route)

--------------------------------------------------------------------------------

Paths for end point Inst_lcd_write/e_cnt_2 (SLICE_X45Y36.G2), 1 path
--------------------------------------------------------------------------------
Slack (hold path):      1.406ns (requirement - (clock path skew + uncertainty - data path))
  Source:               Inst_lcd_write/e_cnt_1 (FF)
  Destination:          Inst_lcd_write/e_cnt_2 (FF)
  Requirement:          0.000ns
  Data Path Delay:      1.412ns (Levels of Logic = 1)
  Clock Path Skew:      0.006ns (0.029 - 0.023)
  Source Clock:         CLK_BUFGP rising at 20.000ns
  Destination Clock:    CLK_BUFGP rising at 20.000ns
  Clock Uncertainty:    0.000ns

  Minimum Data Path: Inst_lcd_write/e_cnt_1 to Inst_lcd_write/e_cnt_2
    Location             Delay type         Delay(ns)  Physical Resource
                                                       Logical Resource(s)
    -------------------------------------------------  -------------------
    SLICE_X47Y37.XQ      Tcko                  0.473   Inst_lcd_write/e_cnt<1>
                                                       Inst_lcd_write/e_cnt_1
    SLICE_X45Y36.G2      net (fanout=3)        0.423   Inst_lcd_write/e_cnt<1>
    SLICE_X45Y36.CLK     Tckg        (-Th)    -0.516   Inst_lcd_write/e_cnt<3>
                                                       Inst_lcd_write/e_cnt_mux0000<2>1
                                                       Inst_lcd_write/e_cnt_2
    -------------------------------------------------  ---------------------------
    Total                                      1.412ns (0.989ns logic, 0.423ns route)
                                                       (70.0% logic, 30.0% route)

--------------------------------------------------------------------------------

Component Switching Limit Checks: NET "CLK_BUFGP/IBUFG" PERIOD = 20 ns HIGH 40%;
--------------------------------------------------------------------------------
Slack: 17.935ns (period - (min high pulse limit / (high pulse / period)))
  Period: 20.000ns
  High pulse: 8.000ns
  High pulse limit: 0.826ns (Tch)
  Physical resource: Inst_lcd_init/state_FSM_FFd2/CLK
  Logical resource: Inst_lcd_init/state_FSM_FFd2/CK
  Location pin: SLICE_X64Y34.CLK
  Clock network: CLK_BUFGP
--------------------------------------------------------------------------------
Slack: 17.935ns (period - (min high pulse limit / (high pulse / period)))
  Period: 20.000ns
  High pulse: 8.000ns
  High pulse limit: 0.826ns (Tch)
  Physical resource: Inst_lcd_init/state_FSM_FFd4/CLK
  Logical resource: Inst_lcd_init/state_FSM_FFd4/CK
  Location pin: SLICE_X66Y35.CLK
  Clock network: CLK_BUFGP
--------------------------------------------------------------------------------
Slack: 17.935ns (period - (min high pulse limit / (high pulse / period)))
  Period: 20.000ns
  High pulse: 8.000ns
  High pulse limit: 0.826ns (Tch)
  Physical resource: Inst_lcd_write/state_FSM_FFd5/CLK
  Logical resource: Inst_lcd_write/state_FSM_FFd5/CK
  Location pin: SLICE_X46Y34.CLK
  Clock network: CLK_BUFGP
--------------------------------------------------------------------------------


All constraints were met.


Data Sheet report:
-----------------
All values displayed in nanoseconds (ns)

Clock to Setup on destination clock CLK
---------------+---------+---------+---------+---------+
               | Src:Rise| Src:Fall| Src:Rise| Src:Fall|
Source Clock   |Dest:Rise|Dest:Rise|Dest:Fall|Dest:Fall|
---------------+---------+---------+---------+---------+
CLK            |   11.315|         |         |         |
---------------+---------+---------+---------+---------+


Timing summary:
---------------

Timing errors: 0  Score: 0  (Setup/Max: 0, Hold: 0)

Constraints cover 9000 paths, 0 nets, and 601 connections

Design statistics:
   Minimum period:  11.315ns{1}   (Maximum frequency:  88.378MHz)


------------------------------------Footnotes-----------------------------------
1)  The minimum period statistic assumes all single cycle delays.

Analysis completed Wed May 27 09:22:00 2026 
--------------------------------------------------------------------------------

Trace Settings:
-------------------------
Trace Settings 

Peak Memory Usage: 4511 MB



