Release 14.7 - xst P.20131013 (nt64)
Copyright (c) 1995-2013 Xilinx, Inc.  All rights reserved.
--> Parameter TMPDIR set to xst/projnav.tmp


Total REAL time to Xst completion: 0.00 secs
Total CPU time to Xst completion: 0.10 secs
 
--> Parameter xsthdpdir set to xst


Total REAL time to Xst completion: 0.00 secs
Total CPU time to Xst completion: 0.10 secs
 
--> Reading design: ps2.prj

TABLE OF CONTENTS
  1) Synthesis Options Summary
  2) HDL Compilation
  3) Design Hierarchy Analysis
  4) HDL Analysis
  5) HDL Synthesis
     5.1) HDL Synthesis Report
  6) Advanced HDL Synthesis
     6.1) Advanced HDL Synthesis Report
  7) Low Level Synthesis
  8) Partition Report
  9) Final Report
	9.1) Device utilization summary
	9.2) Partition Resource Summary
	9.3) TIMING REPORT


=========================================================================
*                      Synthesis Options Summary                        *
=========================================================================
---- Source Parameters
Input File Name                    : "ps2.prj"
Input Format                       : mixed
Ignore Synthesis Constraint File   : NO

---- Target Parameters
Output File Name                   : "ps2"
Output Format                      : NGC
Target Device                      : xc3s500e-4-fg320

---- Source Options
Top Module Name                    : ps2
Automatic FSM Extraction           : YES
FSM Encoding Algorithm             : Auto
Safe Implementation                : No
FSM Style                          : LUT
RAM Extraction                     : Yes
RAM Style                          : Auto
ROM Extraction                     : Yes
Mux Style                          : Auto
Decoder Extraction                 : YES
Priority Encoder Extraction        : Yes
Shift Register Extraction          : YES
Logical Shifter Extraction         : YES
XOR Collapsing                     : YES
ROM Style                          : Auto
Mux Extraction                     : Yes
Resource Sharing                   : YES
Asynchronous To Synchronous        : NO
Multiplier Style                   : Auto
Automatic Register Balancing       : No

---- Target Options
Add IO Buffers                     : YES
Global Maximum Fanout              : 100000
Add Generic Clock Buffer(BUFG)     : 24
Register Duplication               : YES
Slice Packing                      : YES
Optimize Instantiated Primitives   : NO
Use Clock Enable                   : Yes
Use Synchronous Set                : Yes
Use Synchronous Reset              : Yes
Pack IO Registers into IOBs        : Auto
Equivalent register Removal        : YES

---- General Options
Optimization Goal                  : Speed
Optimization Effort                : 1
Keep Hierarchy                     : No
Netlist Hierarchy                  : As_Optimized
RTL Output                         : Yes
Global Optimization                : AllClockNets
Read Cores                         : YES
Write Timing Constraints           : NO
Cross Clock Analysis               : NO
Hierarchy Separator                : /
Bus Delimiter                      : <>
Case Specifier                     : Maintain
Slice Utilization Ratio            : 100
BRAM Utilization Ratio             : 100
Verilog 2001                       : YES
Auto BRAM Packing                  : NO
Slice Utilization Ratio Delta      : 5

=========================================================================


=========================================================================
*                          HDL Compilation                              *
=========================================================================
Compiling vhdl file "C:/Users/aula2.ELE/Desktop/vinivivi/Lab5/Lab05_Vivi_Vini/display7_converter.vhd" in Library work.
Architecture display7_converter of Entity display7_converter is up to date.
Compiling vhdl file "C:/Users/aula2.ELE/Desktop/vinivivi/Lab5/Lab05_Vivi_Vini/display7.vhd" in Library work.
Architecture behavioral of Entity sevenseg_hex_mux is up to date.
Compiling vhdl file "C:/Users/aula2.ELE/Desktop/vinivivi/Lab5/Lab05_Vivi_Vini/ps2.vhd" in Library work.
Entity <ps2> compiled.
Entity <ps2> (Architecture <behavioral>) compiled.

=========================================================================
*                     Design Hierarchy Analysis                         *
=========================================================================
Analyzing hierarchy for entity <ps2> in library <work> (architecture <behavioral>).

Analyzing hierarchy for entity <sevenSeg_hex_mux> in library <work> (architecture <Behavioral>).


=========================================================================
*                            HDL Analysis                               *
=========================================================================
Analyzing Entity <ps2> in library <work> (Architecture <behavioral>).
WARNING:Xst:790 - "C:/Users/aula2.ELE/Desktop/vinivivi/Lab5/Lab05_Vivi_Vini/ps2.vhd" line 44: Index value(s) does not match array range, simulation mismatch.
Entity <ps2> analyzed. Unit <ps2> generated.

Analyzing Entity <sevenSeg_hex_mux> in library <work> (Architecture <Behavioral>).
INFO:Xst:1561 - "C:/Users/aula2.ELE/Desktop/vinivivi/Lab5/Lab05_Vivi_Vini/display7.vhd" line 52: Mux is complete : default of case is discarded
INFO:Xst:1561 - "C:/Users/aula2.ELE/Desktop/vinivivi/Lab5/Lab05_Vivi_Vini/display7_converter.vhd" line 33: Mux is complete : default of case is discarded
Entity <sevenSeg_hex_mux> analyzed. Unit <sevenSeg_hex_mux> generated.


=========================================================================
*                           HDL Synthesis                               *
=========================================================================

Performing bidirectional port resolution...

Synthesizing Unit <sevenSeg_hex_mux>.
    Related source file is "C:/Users/aula2.ELE/Desktop/vinivivi/Lab5/Lab05_Vivi_Vini/display7.vhd".
    Found 16x7-bit ROM for signal <sseg>.
    Found 18-bit up counter for signal <counter>.
    Summary:
	inferred   1 ROM(s).
	inferred   1 Counter(s).
Unit <sevenSeg_hex_mux> synthesized.


Synthesizing Unit <ps2>.
    Related source file is "C:/Users/aula2.ELE/Desktop/vinivivi/Lab5/Lab05_Vivi_Vini/ps2.vhd".
WARNING:Xst:1306 - Output <LED> is never assigned.
WARNING:Xst:646 - Signal <data_array<10>> is assigned but never used. This unconnected signal will be trimmed during the optimization process.
WARNING:Xst:646 - Signal <data_array<0>> is assigned but never used. This unconnected signal will be trimmed during the optimization process.
    Found 1-bit register for signal <led_erro>.
    Found 4-bit up counter for signal <count>.
    Found 4-bit comparator less for signal <count$cmp_lt0000> created at line 46.
    Found 9-bit register for signal <data_array<9:1>>.
    Found 4-bit register for signal <key_0>.
    Found 4-bit register for signal <key_1>.
    Found 4-bit adder for signal <par_count$addsub0000> created at line 54.
    Found 4-bit adder for signal <par_count$addsub0001> created at line 54.
    Found 4-bit adder for signal <par_count$addsub0002> created at line 54.
    Found 4-bit adder for signal <par_count$addsub0003> created at line 54.
    Found 4-bit adder for signal <par_count$addsub0004> created at line 54.
    Found 4-bit adder for signal <par_count$addsub0005> created at line 54.
    Found 4-bit adder for signal <par_count$addsub0006> created at line 54.
    Found 4-bit adder for signal <par_count$addsub0007> created at line 54.
    Summary:
	inferred   1 Counter(s).
	inferred  18 D-type flip-flop(s).
	inferred   8 Adder/Subtractor(s).
	inferred   1 Comparator(s).
Unit <ps2> synthesized.


=========================================================================
HDL Synthesis Report

Macro Statistics
# ROMs                                                 : 1
 16x7-bit ROM                                          : 1
# Adders/Subtractors                                   : 8
 4-bit adder                                           : 8
# Counters                                             : 2
 18-bit up counter                                     : 1
 4-bit up counter                                      : 1
# Registers                                            : 12
 1-bit register                                        : 10
 4-bit register                                        : 2
# Comparators                                          : 1
 4-bit comparator less                                 : 1

=========================================================================

=========================================================================
*                       Advanced HDL Synthesis                          *
=========================================================================


=========================================================================
Advanced HDL Synthesis Report

Macro Statistics
# ROMs                                                 : 1
 16x7-bit ROM                                          : 1
# Adders/Subtractors                                   : 8
 1-bit adder                                           : 3
 4-bit adder                                           : 5
# Counters                                             : 2
 18-bit up counter                                     : 1
 4-bit up counter                                      : 1
# Registers                                            : 18
 Flip-Flops                                            : 18
# Comparators                                          : 1
 4-bit comparator less                                 : 1

=========================================================================

=========================================================================
*                         Low Level Synthesis                           *
=========================================================================

Optimizing unit <ps2> ...

Mapping all equations...
Building and optimizing final netlist ...
Found area constraint ratio of 100 (+ 5) on block ps2, actual ratio is 0.

Final Macro Processing ...

=========================================================================
Final Register Report

Macro Statistics
# Registers                                            : 40
 Flip-Flops                                            : 40

=========================================================================

=========================================================================
*                           Partition Report                            *
=========================================================================

Partition Implementation Status
-------------------------------

  No Partitions were found in this design.

-------------------------------

=========================================================================
*                            Final Report                               *
=========================================================================
Final Results
RTL Top Level Output File Name     : ps2.ngr
Top Level Output File Name         : ps2
Output Format                      : NGC
Optimization Goal                  : Speed
Keep Hierarchy                     : No

Design Statistics
# IOs                              : 21

Cell Usage :
# BELS                             : 85
#      GND                         : 1
#      INV                         : 2
#      LUT1                        : 17
#      LUT3                        : 6
#      LUT4                        : 22
#      LUT4_L                      : 1
#      MUXCY                       : 17
#      VCC                         : 1
#      XORCY                       : 18
# FlipFlops/Latches                : 40
#      FDC                         : 4
#      FDCE_1                      : 18
#      FDR                         : 18
# Clock Buffers                    : 2
#      BUFGP                       : 2
# IO Buffers                       : 11
#      IBUF                        : 2
#      OBUF                        : 9
=========================================================================

Device utilization summary:
---------------------------

Selected Device : 3s500efg320-4 

 Number of Slices:                       26  out of   4656     0%  
 Number of Slice Flip Flops:             40  out of   9312     0%  
 Number of 4 input LUTs:                 48  out of   9312     0%  
 Number of IOs:                          21
 Number of bonded IOBs:                  13  out of    232     5%  
 Number of GCLKs:                         2  out of     24     8%  

---------------------------
Partition Resource Summary:
---------------------------

  No Partitions were found in this design.

---------------------------


=========================================================================
TIMING REPORT

NOTE: THESE TIMING NUMBERS ARE ONLY A SYNTHESIS ESTIMATE.
      FOR ACCURATE TIMING INFORMATION PLEASE REFER TO THE TRACE REPORT
      GENERATED AFTER PLACE-and-ROUTE.

Clock Information:
------------------
-----------------------------------+------------------------+-------+
Clock Signal                       | Clock buffer(FF name)  | Load  |
-----------------------------------+------------------------+-------+
PS2_CLK                            | BUFGP                  | 22    |
clk                                | BUFGP                  | 18    |
-----------------------------------+------------------------+-------+

Asynchronous Control Signals Information:
----------------------------------------
-----------------------------------+------------------------+-------+
Control Signal                     | Buffer(FF name)        | Load  |
-----------------------------------+------------------------+-------+
reset                              | IBUF                   | 22    |
-----------------------------------+------------------------+-------+

Timing Summary:
---------------
Speed Grade: -4

   Minimum period: 5.165ns (Maximum Frequency: 193.611MHz)
   Minimum input arrival time before clock: 3.394ns
   Maximum output required time after clock: 7.418ns
   Maximum combinational path delay: No path found

Timing Detail:
--------------
All values displayed in nanoseconds (ns)

=========================================================================
Timing constraint: Default period analysis for Clock 'PS2_CLK'
  Clock period: 5.165ns (frequency: 193.611MHz)
  Total number of paths / destination ports: 168 / 31
-------------------------------------------------------------------------
Delay:               5.165ns (Levels of Logic = 3)
  Source:            data_array_9 (FF)
  Destination:       key_0_0 (FF)
  Source Clock:      PS2_CLK falling
  Destination Clock: PS2_CLK falling

  Data Path: data_array_9 to key_0_0
                                Gate     Net
    Cell:in->out      fanout   Delay   Delay  Logical Name (Net Name)
    ----------------------------------------  ------------
     FDCE_1:C->Q           1   0.591   0.595  data_array_9 (data_array_9)
     LUT4_L:I0->LO         1   0.704   0.104  key_0_not00013_SW0 (N01)
     LUT4:I3->O            2   0.704   0.451  key_0_not00013 (key_0_not0001_bdd3)
     LUT4:I3->O            8   0.704   0.757  key_0_not000111 (key_0_not0001)
     FDCE_1:CE                 0.555          key_0_0
    ----------------------------------------
    Total                      5.165ns (3.258ns logic, 1.907ns route)
                                       (63.1% logic, 36.9% route)

=========================================================================
Timing constraint: Default period analysis for Clock 'clk'
  Clock period: 4.351ns (frequency: 229.832MHz)
  Total number of paths / destination ports: 171 / 18
-------------------------------------------------------------------------
Delay:               4.351ns (Levels of Logic = 18)
  Source:            u_sseg/counter_1 (FF)
  Destination:       u_sseg/counter_17 (FF)
  Source Clock:      clk rising
  Destination Clock: clk rising

  Data Path: u_sseg/counter_1 to u_sseg/counter_17
                                Gate     Net
    Cell:in->out      fanout   Delay   Delay  Logical Name (Net Name)
    ----------------------------------------  ------------
     FDR:C->Q              1   0.591   0.595  u_sseg/counter_1 (u_sseg/counter_1)
     LUT1:I0->O            1   0.704   0.000  u_sseg/Mcount_counter_cy<1>_rt (u_sseg/Mcount_counter_cy<1>_rt)
     MUXCY:S->O            1   0.464   0.000  u_sseg/Mcount_counter_cy<1> (u_sseg/Mcount_counter_cy<1>)
     MUXCY:CI->O           1   0.059   0.000  u_sseg/Mcount_counter_cy<2> (u_sseg/Mcount_counter_cy<2>)
     MUXCY:CI->O           1   0.059   0.000  u_sseg/Mcount_counter_cy<3> (u_sseg/Mcount_counter_cy<3>)
     MUXCY:CI->O           1   0.059   0.000  u_sseg/Mcount_counter_cy<4> (u_sseg/Mcount_counter_cy<4>)
     MUXCY:CI->O           1   0.059   0.000  u_sseg/Mcount_counter_cy<5> (u_sseg/Mcount_counter_cy<5>)
     MUXCY:CI->O           1   0.059   0.000  u_sseg/Mcount_counter_cy<6> (u_sseg/Mcount_counter_cy<6>)
     MUXCY:CI->O           1   0.059   0.000  u_sseg/Mcount_counter_cy<7> (u_sseg/Mcount_counter_cy<7>)
     MUXCY:CI->O           1   0.059   0.000  u_sseg/Mcount_counter_cy<8> (u_sseg/Mcount_counter_cy<8>)
     MUXCY:CI->O           1   0.059   0.000  u_sseg/Mcount_counter_cy<9> (u_sseg/Mcount_counter_cy<9>)
     MUXCY:CI->O           1   0.059   0.000  u_sseg/Mcount_counter_cy<10> (u_sseg/Mcount_counter_cy<10>)
     MUXCY:CI->O           1   0.059   0.000  u_sseg/Mcount_counter_cy<11> (u_sseg/Mcount_counter_cy<11>)
     MUXCY:CI->O           1   0.059   0.000  u_sseg/Mcount_counter_cy<12> (u_sseg/Mcount_counter_cy<12>)
     MUXCY:CI->O           1   0.059   0.000  u_sseg/Mcount_counter_cy<13> (u_sseg/Mcount_counter_cy<13>)
     MUXCY:CI->O           1   0.059   0.000  u_sseg/Mcount_counter_cy<14> (u_sseg/Mcount_counter_cy<14>)
     MUXCY:CI->O           1   0.059   0.000  u_sseg/Mcount_counter_cy<15> (u_sseg/Mcount_counter_cy<15>)
     MUXCY:CI->O           0   0.059   0.000  u_sseg/Mcount_counter_cy<16> (u_sseg/Mcount_counter_cy<16>)
     XORCY:CI->O           1   0.804   0.000  u_sseg/Mcount_counter_xor<17> (Result<17>)
     FDR:D                     0.308          u_sseg/counter_17
    ----------------------------------------
    Total                      4.351ns (3.756ns logic, 0.595ns route)
                                       (86.3% logic, 13.7% route)

=========================================================================
Timing constraint: Default OFFSET IN BEFORE for Clock 'PS2_CLK'
  Total number of paths / destination ports: 9 / 9
-------------------------------------------------------------------------
Offset:              2.346ns (Levels of Logic = 1)
  Source:            PS2_DATA (PAD)
  Destination:       data_array_1 (FF)
  Destination Clock: PS2_CLK falling

  Data Path: PS2_DATA to data_array_1
                                Gate     Net
    Cell:in->out      fanout   Delay   Delay  Logical Name (Net Name)
    ----------------------------------------  ------------
     IBUF:I->O             9   1.218   0.820  PS2_DATA_IBUF (PS2_DATA_IBUF)
     FDCE_1:D                  0.308          data_array_1
    ----------------------------------------
    Total                      2.346ns (1.526ns logic, 0.820ns route)
                                       (65.0% logic, 35.0% route)

=========================================================================
Timing constraint: Default OFFSET IN BEFORE for Clock 'clk'
  Total number of paths / destination ports: 18 / 18
-------------------------------------------------------------------------
Offset:              3.394ns (Levels of Logic = 1)
  Source:            reset (PAD)
  Destination:       u_sseg/counter_0 (FF)
  Destination Clock: clk rising

  Data Path: reset to u_sseg/counter_0
                                Gate     Net
    Cell:in->out      fanout   Delay   Delay  Logical Name (Net Name)
    ----------------------------------------  ------------
     IBUF:I->O            40   1.218   1.265  reset_IBUF (reset_IBUF)
     FDR:R                     0.911          u_sseg/counter_0
    ----------------------------------------
    Total                      3.394ns (2.129ns logic, 1.265ns route)
                                       (62.7% logic, 37.3% route)

=========================================================================
Timing constraint: Default OFFSET OUT AFTER for Clock 'PS2_CLK'
  Total number of paths / destination ports: 57 / 8
-------------------------------------------------------------------------
Offset:              7.073ns (Levels of Logic = 3)
  Source:            key_1_3 (FF)
  Destination:       sseg<6> (PAD)
  Source Clock:      PS2_CLK falling

  Data Path: key_1_3 to sseg<6>
                                Gate     Net
    Cell:in->out      fanout   Delay   Delay  Logical Name (Net Name)
    ----------------------------------------  ------------
     FDCE_1:C->Q           1   0.591   0.499  key_1_3 (key_1_3)
     LUT3:I1->O            7   0.704   0.883  u_sseg/hex<3>1 (u_sseg/hex<3>)
     LUT4:I0->O            1   0.704   0.420  u_sseg/Mrom_sseg41 (sseg_4_OBUF)
     OBUF:I->O                 3.272          sseg_4_OBUF (sseg<4>)
    ----------------------------------------
    Total                      7.073ns (5.271ns logic, 1.802ns route)
                                       (74.5% logic, 25.5% route)

=========================================================================
Timing constraint: Default OFFSET OUT AFTER for Clock 'clk'
  Total number of paths / destination ports: 29 / 8
-------------------------------------------------------------------------
Offset:              7.418ns (Levels of Logic = 3)
  Source:            u_sseg/counter_17 (FF)
  Destination:       sseg<6> (PAD)
  Source Clock:      clk rising

  Data Path: u_sseg/counter_17 to sseg<6>
                                Gate     Net
    Cell:in->out      fanout   Delay   Delay  Logical Name (Net Name)
    ----------------------------------------  ------------
     FDR:C->Q              6   0.591   0.844  u_sseg/counter_17 (u_sseg/counter_17)
     LUT3:I0->O            7   0.704   0.883  u_sseg/hex<3>1 (u_sseg/hex<3>)
     LUT4:I0->O            1   0.704   0.420  u_sseg/Mrom_sseg41 (sseg_4_OBUF)
     OBUF:I->O                 3.272          sseg_4_OBUF (sseg<4>)
    ----------------------------------------
    Total                      7.418ns (5.271ns logic, 2.147ns route)
                                       (71.1% logic, 28.9% route)

=========================================================================


Total REAL time to Xst completion: 4.00 secs
Total CPU time to Xst completion: 3.45 secs
 
--> 

Total memory usage is 4514608 kilobytes

Number of errors   :    0 (   0 filtered)
Number of warnings :    4 (   0 filtered)
Number of infos    :    2 (   0 filtered)

